Component: ARM Compiler 5.06 update 6 (build 750) Tool: armlink [4d35ed]

==============================================================================

Section Cross References

    startup_stm32f10x_hd.o(RESET) refers to startup_stm32f10x_hd.o(STACK) for __initial_sp
    startup_stm32f10x_hd.o(RESET) refers to startup_stm32f10x_hd.o(.text) for Reset_Handler
    startup_stm32f10x_hd.o(RESET) refers to stm32f10x_it.o(i.NMI_Handler) for NMI_Handler
    startup_stm32f10x_hd.o(RESET) refers to stm32f10x_it.o(i.HardFault_Handler) for HardFault_Handler
    startup_stm32f10x_hd.o(RESET) refers to stm32f10x_it.o(i.MemManage_Handler) for MemManage_Handler
    startup_stm32f10x_hd.o(RESET) refers to stm32f10x_it.o(i.BusFault_Handler) for BusFault_Handler
    startup_stm32f10x_hd.o(RESET) refers to stm32f10x_it.o(i.UsageFault_Handler) for UsageFault_Handler
    startup_stm32f10x_hd.o(RESET) refers to stm32f10x_it.o(i.SVC_Handler) for SVC_Handler
    startup_stm32f10x_hd.o(RESET) refers to stm32f10x_it.o(i.DebugMon_Handler) for DebugMon_Handler
    startup_stm32f10x_hd.o(RESET) refers to os_cpu_a.o(CODE) for OS_CPU_PendSVHandler
    startup_stm32f10x_hd.o(RESET) refers to os_cpu_c.o(i.OS_CPU_SysTickHandler) for OS_CPU_SysTickHandler
    startup_stm32f10x_hd.o(.text) refers to system_stm32f10x.o(i.SystemInit) for SystemInit
    startup_stm32f10x_hd.o(.text) refers to entry.o(.ARM.Collect$$$$00000000) for __main
    system_stm32f10x.o(i.SetSysClock) refers to system_stm32f10x.o(i.SetSysClockTo72) for SetSysClockTo72
    system_stm32f10x.o(i.SystemCoreClockUpdate) refers to system_stm32f10x.o(.data) for .data
    system_stm32f10x.o(i.SystemInit) refers to system_stm32f10x.o(i.SetSysClock) for SetSysClock
    stm32f10x_adc.o(i.ADC_DeInit) refers to stm32f10x_rcc.o(i.RCC_APB2PeriphResetCmd) for RCC_APB2PeriphResetCmd
    stm32f10x_bkp.o(i.BKP_DeInit) refers to stm32f10x_rcc.o(i.RCC_BackupResetCmd) for RCC_BackupResetCmd
    stm32f10x_can.o(i.CAN_DeInit) refers to stm32f10x_rcc.o(i.RCC_APB1PeriphResetCmd) for RCC_APB1PeriphResetCmd
    stm32f10x_can.o(i.CAN_GetITStatus) refers to stm32f10x_can.o(i.CheckITStatus) for CheckITStatus
    stm32f10x_cec.o(i.CEC_DeInit) refers to stm32f10x_rcc.o(i.RCC_APB1PeriphResetCmd) for RCC_APB1PeriphResetCmd
    stm32f10x_dac.o(i.DAC_DeInit) refers to stm32f10x_rcc.o(i.RCC_APB1PeriphResetCmd) for RCC_APB1PeriphResetCmd
    stm32f10x_flash.o(i.FLASH_EnableWriteProtection) refers to stm32f10x_flash.o(i.FLASH_WaitForLastOperation) for FLASH_WaitForLastOperation
    stm32f10x_flash.o(i.FLASH_EraseAllBank1Pages) refers to stm32f10x_flash.o(i.FLASH_WaitForLastBank1Operation) for FLASH_WaitForLastBank1Operation
    stm32f10x_flash.o(i.FLASH_EraseAllPages) refers to stm32f10x_flash.o(i.FLASH_WaitForLastOperation) for FLASH_WaitForLastOperation
    stm32f10x_flash.o(i.FLASH_EraseOptionBytes) refers to stm32f10x_flash.o(i.FLASH_GetReadOutProtectionStatus) for FLASH_GetReadOutProtectionStatus
    stm32f10x_flash.o(i.FLASH_EraseOptionBytes) refers to stm32f10x_flash.o(i.FLASH_WaitForLastOperation) for FLASH_WaitForLastOperation
    stm32f10x_flash.o(i.FLASH_ErasePage) refers to stm32f10x_flash.o(i.FLASH_WaitForLastOperation) for FLASH_WaitForLastOperation
    stm32f10x_flash.o(i.FLASH_ProgramHalfWord) refers to stm32f10x_flash.o(i.FLASH_WaitForLastOperation) for FLASH_WaitForLastOperation
    stm32f10x_flash.o(i.FLASH_ProgramOptionByteData) refers to stm32f10x_flash.o(i.FLASH_WaitForLastOperation) for FLASH_WaitForLastOperation
    stm32f10x_flash.o(i.FLASH_ProgramWord) refers to stm32f10x_flash.o(i.FLASH_WaitForLastOperation) for FLASH_WaitForLastOperation
    stm32f10x_flash.o(i.FLASH_ReadOutProtection) refers to stm32f10x_flash.o(i.FLASH_WaitForLastOperation) for FLASH_WaitForLastOperation
    stm32f10x_flash.o(i.FLASH_UserOptionByteConfig) refers to stm32f10x_flash.o(i.FLASH_WaitForLastOperation) for FLASH_WaitForLastOperation
    stm32f10x_flash.o(i.FLASH_WaitForLastBank1Operation) refers to stm32f10x_flash.o(i.FLASH_GetBank1Status) for FLASH_GetBank1Status
    stm32f10x_flash.o(i.FLASH_WaitForLastOperation) refers to stm32f10x_flash.o(i.FLASH_GetBank1Status) for FLASH_GetBank1Status
    stm32f10x_gpio.o(i.GPIO_AFIODeInit) refers to stm32f10x_rcc.o(i.RCC_APB2PeriphResetCmd) for RCC_APB2PeriphResetCmd
    stm32f10x_gpio.o(i.GPIO_DeInit) refers to stm32f10x_rcc.o(i.RCC_APB2PeriphResetCmd) for RCC_APB2PeriphResetCmd
    stm32f10x_i2c.o(i.I2C_DeInit) refers to stm32f10x_rcc.o(i.RCC_APB1PeriphResetCmd) for RCC_APB1PeriphResetCmd
    stm32f10x_i2c.o(i.I2C_Init) refers to stm32f10x_rcc.o(i.RCC_GetClocksFreq) for RCC_GetClocksFreq
    stm32f10x_pwr.o(i.PWR_DeInit) refers to stm32f10x_rcc.o(i.RCC_APB1PeriphResetCmd) for RCC_APB1PeriphResetCmd
    stm32f10x_rcc.o(i.RCC_GetClocksFreq) refers to stm32f10x_rcc.o(.data) for .data
    stm32f10x_rcc.o(i.RCC_WaitForHSEStartUp) refers to stm32f10x_rcc.o(i.RCC_GetFlagStatus) for RCC_GetFlagStatus
[...]
    0x08005aa4   0x08005aa4   0x00000032   Code   RO         6497    i.LCD__GetBPPDevice  STemWin532_CM3_Keil.lib(lcd_getex.o)
    0x08005ad6   0x08005ad6   0x00000002   PAD
    0x08005ad8   0x08005ad8   0x00000050   Code   RO         3583    i.LED_GPIO_Config   bsp_led.o
    0x08005b28   0x08005b28   0x00000018   Code   RO         4116    i.LcdReadDataMultiple  lcdconf_flexcolor_template.o
    0x08005b40   0x08005b40   0x00000004   Code   RO         4117    i.LcdWriteData      lcdconf_flexcolor_template.o
    0x08005b44   0x08005b44   0x00000018   Code   RO         4118    i.LcdWriteDataMultiple  lcdconf_flexcolor_template.o
    0x08005b5c   0x08005b5c   0x00000004   Code   RO         4119    i.LcdWriteReg       lcdconf_flexcolor_template.o
    0x08005b60   0x08005b60   0x00000002   Code   RO         3111    i.MemManage_Handler  stm32f10x_it.o
    0x08005b62   0x08005b62   0x00000002   Code   RO         4648    i.Mem_Init          lib_mem.o
    0x08005b64   0x08005b64   0x00000002   Code   RO         3112    i.NMI_Handler       stm32f10x_it.o
    0x08005b66   0x08005b66   0x00000002   PAD
    0x08005b68   0x08005b68   0x00000014   Code   RO          138    i.NVIC_PriorityGroupConfig  misc.o
    0x08005b7c   0x08005b7c   0x00000002   Code   RO         4841    i.OSCfg_Init        os_cfg_app.o
    0x08005b7e   0x08005b7e   0x00000002   PAD
    0x08005b80   0x08005b80   0x00000010   Code   RO         6090    i.OSIdleTaskHook    os_cpu_c.o
    0x08005b90   0x08005b90   0x00000188   Code   RO         4913    i.OSInit            os_core.o
    0x08005d18   0x08005d18   0x00000034   Code   RO         6091    i.OSInitHook        os_cpu_c.o
    0x08005d4c   0x08005d4c   0x000000b4   Code   RO         4915    i.OSIntExit         os_core.o
    0x08005e00   0x08005e00   0x00000084   Code   RO         4916    i.OSSched           os_core.o
    0x08005e84   0x08005e84   0x00000064   Code   RO         4917    i.OSSchedLock       os_core.o
    0x08005ee8   0x08005ee8   0x0000007c   Code   RO         4920    i.OSSchedUnlock     os_core.o
    0x08005f64   0x08005f64   0x000000b0   Code   RO         5560    i.OSSemCreate       os_sem.o
    0x08006014   0x08006014   0x00000190   Code   RO         5562    i.OSSemPend         os_sem.o
    0x080061a4   0x080061a4   0x0000008c   Code   RO         5564    i.OSSemPost         os_sem.o
    0x08006230   0x08006230   0x0000005c   Code   RO         4921    i.OSStart           os_core.o
    0x0800628c   0x0800628c   0x0000010c   Code   RO         5632    i.OSStatReset       os_stat.o
    0x08006398   0x08006398   0x000000c4   Code   RO         5633    i.OSStatTaskCPUUsageInit  os_stat.o
    0x0800645c   0x0800645c   0x00000010   Code   RO         6092    i.OSStatTaskHook    os_cpu_c.o
    0x0800646c   0x0800646c   0x00000220   Code   RO         5663    i.OSTaskCreate      os_task.o
    0x0800668c   0x0800668c   0x00000010   Code   RO         6093    i.OSTaskCreateHook  os_cpu_c.o
    0x0800669c   0x0800669c   0x0000017c   Code   RO         5664    i.OSTaskDel         os_task.o
    0x08006818   0x08006818   0x00000010   Code   RO         6094    i.OSTaskDelHook     os_cpu_c.o
    0x08006828   0x08006828   0x0000006c   Code   RO         5672    i.OSTaskResume      os_task.o
    0x08006894   0x08006894   0x00000010   Code   RO         6095    i.OSTaskReturnHook  os_cpu_c.o
    0x080068a4   0x080068a4   0x00000190   Code   RO         5673    i.OSTaskSemPend     os_task.o
    0x08006a34   0x08006a34   0x000000c0   Code   RO         5677    i.OSTaskStkChk      os_task.o
    0x08006af4   0x08006af4   0x00000064   Code   RO         6096    i.OSTaskStkInit     os_cpu_c.o
    0x08006b58   0x08006b58   0x00000054   Code   RO         5678    i.OSTaskSuspend     os_task.o
    0x08006bac   0x08006bac   0x00000068   Code   RO         6097    i.OSTaskSwHook      os_cpu_c.o
    0x08006c14   0x08006c14   0x000000f4   Code   RO         5878    i.OSTimeDly         os_time.o
    0x08006d08   0x08006d08   0x000001ac   Code   RO         5879    i.OSTimeDlyHMSM     os_time.o
    0x08006eb4   0x08006eb4   0x00000028   Code   RO         5881    i.OSTimeGet         os_time.o
    0x08006edc   0x08006edc   0x00000040   Code   RO         5883    i.OSTimeTick        os_time.o
    0x08006f1c   0x08006f1c   0x00000010   Code   RO         6098    i.OSTimeTickHook    os_cpu_c.o
    0x08006f2c   0x08006f2c   0x000000f4   Code   RO         5920    i.OSTmrCreate       os_tmr.o
    0x08007020   0x08007020   0x000000a8   Code   RO         5923    i.OSTmrStart        os_tmr.o
    0x080070c8   0x080070c8   0x000000dc   Code   RO         5925    i.OSTmrStop         os_tmr.o
    0x080071a4   0x080071a4   0x00000030   Code   RO         6099    i.OS_CPU_SysTickHandler  os_cpu_c.o
    0x080071d4   0x080071d4   0x00000028   Code   RO         6100    i.OS_CPU_SysTickInit  os_cpu_c.o
    0x080071fc   0x080071fc   0x00000002   Code   RO         5159    i.OS_Dbg_Init       os_dbg.o
    0x080071fe   0x080071fe   0x00000002   PAD
    0x08007200   0x08007200   0x00000018   Code   RO         5185    i.OS_FlagInit       os_flag.o
    0x08007218   0x08007218   0x000001b8   Code   RO         5186    i.OS_FlagPost       os_flag.o
    0x080073d0   0x080073d0   0x00000040   Code   RO         5187    i.OS_FlagTaskRdy    os_flag.o
    0x08007410   0x08007410   0x00000034   Code   RO         4923    i.OS_IdleTask       os_core.o
    0x08007444   0x08007444   0x00000068   Code   RO         4924    i.OS_IdleTaskInit   os_core.o
    0x080074ac   0x080074ac   0x000000bc   Code   RO         5259    i.OS_IntQPost       os_int.o
    0x08007568   0x08007568   0x00000128   Code   RO         5260    i.OS_IntQRePost     os_int.o
    0x08007690   0x08007690   0x00000090   Code   RO         5261    i.OS_IntQTask       os_int.o
    0x08007720   0x08007720   0x00000114   Code   RO         5262    i.OS_IntQTaskInit   os_int.o
    0x08007834   0x08007834   0x00000018   Code   RO         5293    i.OS_MemInit        os_mem.o
    0x0800784c   0x0800784c   0x0000006c   Code   RO         5325    i.OS_MsgPoolInit    os_msg.o
    0x080078b8   0x080078b8   0x00000038   Code   RO         5326    i.OS_MsgQFreeAll    os_msg.o
    0x080078f0   0x080078f0   0x0000000e   Code   RO         5328    i.OS_MsgQInit       os_msg.o
    0x080078fe   0x080078fe   0x00000002   PAD
    0x08007900   0x08007900   0x00000090   Code   RO         5329    i.OS_MsgQPut        os_msg.o
    0x08007990   0x08007990   0x00000018   Code   RO         5369    i.OS_MutexInit      os_mutex.o
    0x080079a8   0x080079a8   0x00000050   Code   RO         4925    i.OS_Pend           os_core.o
    0x080079f8   0x080079f8   0x00000026   Code   RO         4928    i.OS_PendDataInit   os_core.o
    0x08007a1e   0x08007a1e   0x00000002   PAD
    0x08007a20   0x08007a20   0x00000054   Code   RO         4929    i.OS_PendDbgNameAdd  os_core.o
    0x08007a74   0x08007a74   0x00000024   Code   RO         4930    i.OS_PendDbgNameRemove  os_core.o
    0x08007a98   0x08007a98   0x0000000a   Code   RO         4932    i.OS_PendListInit   os_core.o
    0x08007aa2   0x08007aa2   0x0000005c   Code   RO         4934    i.OS_PendListInsertPrio  os_core.o
    0x08007afe   0x08007afe   0x00000026   Code   RO         4935    i.OS_PendListRemove  os_core.o
    0x08007b24   0x08007b24   0x00000036   Code   RO         4936    i.OS_PendListRemove1  os_core.o
    0x08007b5a   0x08007b5a   0x00000098   Code   RO         4939    i.OS_Post           os_core.o
    0x08007bf2   0x08007bf2   0x00000026   Code   RO         4940    i.OS_Post1          os_core.o
    0x08007c18   0x08007c18   0x00000024   Code   RO         5451    i.OS_PrioGetHighest  os_prio.o
    0x08007c3c   0x08007c3c   0x00000018   Code   RO         5452    i.OS_PrioInit       os_prio.o
    0x08007c54   0x08007c54   0x00000020   Code   RO         5453    i.OS_PrioInsert     os_prio.o
    0x08007c74   0x08007c74   0x00000020   Code   RO         5454    i.OS_PrioRemove     os_prio.o
    0x08007c94   0x08007c94   0x00000018   Code   RO         5497    i.OS_QInit          os_q.o
    0x08007cac   0x08007cac   0x00000118   Code   RO         5498    i.OS_QPost          os_q.o
    0x08007dc4   0x08007dc4   0x00000024   Code   RO         4941    i.OS_RdyListInit    os_core.o
    0x08007de8   0x08007de8   0x00000030   Code   RO         4942    i.OS_RdyListInsert  os_core.o
    0x08007e18   0x08007e18   0x0000003c   Code   RO         4943    i.OS_RdyListInsertHead  os_core.o
    0x08007e54   0x08007e54   0x00000038   Code   RO         4944    i.OS_RdyListInsertTail  os_core.o
    0x08007e8c   0x08007e8c   0x00000038   Code   RO         4945    i.OS_RdyListMoveHeadToTail  os_core.o
    0x08007ec4   0x08007ec4   0x00000054   Code   RO         4946    i.OS_RdyListRemove  os_core.o
    0x08007f18   0x08007f18   0x00000048   Code   RO         4947    i.OS_Sched0         os_core.o
    0x08007f60   0x08007f60   0x0000001c   Code   RO         4948    i.OS_SchedLockTimeMeasStart  os_core.o
    0x08007f7c   0x08007f7c   0x0000003c   Code   RO         4949    i.OS_SchedLockTimeMeasStop  os_core.o
    0x08007fb8   0x08007fb8   0x000000b4   Code   RO         4950    i.OS_SchedRoundRobin  os_core.o
    0x0800806c   0x0800806c   0x00000024   Code   RO         5567    i.OS_SemDbgListAdd  os_sem.o
    0x08008090   0x08008090   0x00000018   Code   RO         5569    i.OS_SemInit        os_sem.o
    0x080080a8   0x080080a8   0x000000e4   Code   RO         5570    i.OS_SemPost        os_sem.o
    0x0800818c   0x0800818c   0x000002c4   Code   RO         5634    i.OS_StatTask       os_stat.o
    0x08008450   0x08008450   0x000000c0   Code   RO         5635    i.OS_StatTaskInit   os_stat.o
    0x08008510   0x08008510   0x00000034   Code   RO         4951    i.OS_TaskBlock      os_core.o
    0x08008544   0x08008544   0x00000024   Code   RO         5680    i.OS_TaskDbgListAdd  os_task.o
    0x08008568   0x08008568   0x00000040   Code   RO         5681    i.OS_TaskDbgListRemove  os_task.o
    0x080085a8   0x080085a8   0x00000020   Code   RO         5682    i.OS_TaskInit       os_task.o
    0x080085c8   0x080085c8   0x000000b8   Code   RO         5683    i.OS_TaskInitTCB    os_task.o
    0x08008680   0x08008680   0x000001b8   Code   RO         5684    i.OS_TaskQPost      os_task.o
    0x08008838   0x08008838   0x0000001e   Code   RO         4952    i.OS_TaskRdy        os_core.o
    0x08008856   0x08008856   0x00000002   PAD
    0x08008858   0x08008858   0x00000114   Code   RO         5685    i.OS_TaskResume     os_task.o
    0x0800896c   0x0800896c   0x00000018   Code   RO         5686    i.OS_TaskReturn     os_task.o
    0x08008984   0x08008984   0x0000023c   Code   RO         5687    i.OS_TaskSemPost    os_task.o
    0x08008bc0   0x08008bc0   0x00000118   Code   RO         5688    i.OS_TaskSuspend    os_task.o
    0x08008cd8   0x08008cd8   0x0000002c   Code   RO         5830    i.OS_TickListInit   os_tick.o
    0x08008d04   0x08008d04   0x000000f0   Code   RO         5831    i.OS_TickListInsert  os_tick.o
    0x08008df4   0x08008df4   0x00000036   Code   RO         5832    i.OS_TickListRemove  os_tick.o
    0x08008e2a   0x08008e2a   0x00000002   PAD
    0x08008e2c   0x08008e2c   0x00000028   Code   RO         5833    i.OS_TickListResetPeak  os_tick.o
    0x08008e54   0x08008e54   0x0000019c   Code   RO         5834    i.OS_TickListUpdate  os_tick.o
    0x08008ff0   0x08008ff0   0x00000028   Code   RO         5835    i.OS_TickTask       os_tick.o
    0x08009018   0x08009018   0x000000ac   Code   RO         5836    i.OS_TickTaskInit   os_tick.o
    0x080090c4   0x080090c4   0x0000001c   Code   RO         5927    i.OS_TmrDbgListAdd  os_tmr.o
    0x080090e0   0x080090e0   0x00000110   Code   RO         5929    i.OS_TmrInit        os_tmr.o
    0x080091f0   0x080091f0   0x000000b4   Code   RO         5930    i.OS_TmrLink        os_tmr.o
    0x080092a4   0x080092a4   0x00000028   Code   RO         5931    i.OS_TmrResetPeak   os_tmr.o
    0x080092cc   0x080092cc   0x000000b0   Code   RO         5932    i.OS_TmrTask        os_tmr.o
    0x0800937c   0x0800937c   0x0000004c   Code   RO         5933    i.OS_TmrUnlink      os_tmr.o
    0x080093c8   0x080093c8   0x0000001c   Code   RO         1707    i.RCC_AHBPeriphClockCmd  stm32f10x_rcc.o
    0x080093e4   0x080093e4   0x0000001c   Code   RO         1710    i.RCC_APB2PeriphClockCmd  stm32f10x_rcc.o
    0x08009400   0x08009400   0x000000ac   Code   RO         1718    i.RCC_GetClocksFreq  stm32f10x_rcc.o
    0x080094ac   0x080094ac   0x00000018   Code   RO         2187    i.SPI_Cmd           stm32f10x_spi.o
    0x080094c4   0x080094c4   0x00000054   Code   RO         3977    i.SPI_FLASH_BufferRead  bsp_spi_flash.o
    0x08009518   0x08009518   0x000000d4   Code   RO         3978    i.SPI_FLASH_BufferWrite  bsp_spi_flash.o
    0x080095ec   0x080095ec   0x000000b8   Code   RO         3980    i.SPI_FLASH_Init    bsp_spi_flash.o
    0x080096a4   0x080096a4   0x0000009c   Code   RO         3981    i.SPI_FLASH_PageWrite  bsp_spi_flash.o
    0x08009740   0x08009740   0x0000003c   Code   RO         3983    i.SPI_FLASH_ReadDeviceID  bsp_spi_flash.o
    0x0800977c   0x0800977c   0x00000044   Code   RO         3984    i.SPI_FLASH_ReadID  bsp_spi_flash.o
    0x080097c0   0x080097c0   0x00000048   Code   RO         3985    i.SPI_FLASH_SectorErase  bsp_spi_flash.o
    0x08009808   0x08009808   0x00000070   Code   RO         3986    i.SPI_FLASH_SendByte  bsp_spi_flash.o
    0x08009878   0x08009878   0x0000002c   Code   RO         3989    i.SPI_FLASH_WaitForWriteEnd  bsp_spi_flash.o
    0x080098a4   0x080098a4   0x00000024   Code   RO         3990    i.SPI_FLASH_WriteEnable  bsp_spi_flash.o
    0x080098c8   0x080098c8   0x0000000e   Code   RO         2195    i.SPI_I2S_GetFlagStatus  stm32f10x_spi.o
    0x080098d6   0x080098d6   0x00000004   Code   RO         2198    i.SPI_I2S_ReceiveData  stm32f10x_spi.o
    0x080098da   0x080098da   0x00000004   Code   RO         2199    i.SPI_I2S_SendData  stm32f10x_spi.o
    0x080098de   0x080098de   0x00000038   Code   RO         2200    i.SPI_Init          stm32f10x_spi.o
    0x08009916   0x08009916   0x00000002   PAD
    0x08009918   0x08009918   0x00000040   Code   RO         3995    i.SPI_TIMEOUT_UserCallback  bsp_spi_flash.o
    0x08009958   0x08009958   0x00000002   Code   RO         3114    i.SVC_Handler       stm32f10x_it.o
    0x0800995a   0x0800995a   0x00000004   Code   RO           24    i.SetSysClock       system_stm32f10x.o
    0x0800995e   0x0800995e   0x00000002   PAD
    0x08009960   0x08009960   0x000000b0   Code   RO           25    i.SetSysClockTo72   system_stm32f10x.o
    0x08009a10   0x08009a10   0x000000e0   Code   RO         3482    i.Snack_Task        snakegameapp.o
    0x08009af0   0x08009af0   0x00000034   Code   RO         3483    i.Snake_BodyDraw    snakegameapp.o
    0x08009b24   0x08009b24   0x00000058   Code   RO         3484    i.Snake_Bodyinit    snakegameapp.o
    0x08009b7c   0x08009b7c   0x00000090   Code   RO         3485    i.Snake_MoveSetting  snakegameapp.o
    0x08009c0c   0x08009c0c   0x00000050   Code   RO           27    i.SystemInit        system_stm32f10x.o
    0x08009c5c   0x08009c5c   0x00000140   Code   RO         3450    i.Test_flash        taskflash.o
    0x08009d9c   0x08009d9c   0x000000b0   Code   RO         3415    i.TmrCallback       taskapp.o
    0x08009e4c   0x08009e4c   0x00000018   Code   RO         2878    i.USART_Cmd         stm32f10x_usart.o
    0x08009e64   0x08009e64   0x00000084   Code   RO         3794    i.USART_Config      bsp_usart.o
    0x08009ee8   0x08009ee8   0x0000000e   Code   RO         2881    i.USART_GetFlagStatus  stm32f10x_usart.o
    0x08009ef6   0x08009ef6   0x00000002   PAD
    0x08009ef8   0x08009ef8   0x000000bc   Code   RO         2885    i.USART_Init        stm32f10x_usart.o
    0x08009fb4   0x08009fb4   0x00000008   Code   RO         2895    i.USART_SendData    stm32f10x_usart.o
    0x08009fbc   0x08009fbc   0x00000002   Code   RO         3115    i.UsageFault_Handler  stm32f10x_it.o
    0x08009fbe   0x08009fbe   0x00000002   PAD
    0x08009fc0   0x08009fc0   0x00000010   Code   RO         6969    i.WM_Activate       STemWin532_CM3_Keil.lib(wm.o)
    0x08009fd0   0x08009fd0   0x0000007e   Code   RO         7297    i.WM_BringToBottom  STemWin532_CM3_Keil.lib(wm_bringtobottom.o)
    0x0800a04e   0x0800a04e   0x00000002   PAD
    0x0800a050   0x0800a050   0x00000148   Code   RO         6971    i.WM_CreateWindowAsChild  STemWin532_CM3_Keil.lib(wm.o)
    0x0800a198   0x0800a198   0x00000014   Code   RO         6972    i.WM_Deactivate     STemWin532_CM3_Keil.lib(wm.o)
    0x0800a1ac   0x0800a1ac   0x00000046   Code   RO         6973    i.WM_DefaultProc    STemWin532_CM3_Keil.lib(wm.o)
    0x0800a1f2   0x0800a1f2   0x00000020   Code   RO         7318    i.WM_DeleteTimer    STemWin532_CM3_Keil.lib(wm_timer.o)
    0x0800a212   0x0800a212   0x00000002   PAD
    0x0800a214   0x0800a214   0x000000e8   Code   RO         6974    i.WM_DeleteWindow   STemWin532_CM3_Keil.lib(wm.o)
    0x0800a2fc   0x0800a2fc   0x00000078   Code   RO         6975    i.WM_Exec           STemWin532_CM3_Keil.lib(wm.o)
    0x0800a374   0x0800a374   0x00000018   Code   RO         7083    i.WM_GetDesktopWindow  STemWin532_CM3_Keil.lib(wm_getdesktopwindow.o)
    0x0800a38c   0x0800a38c   0x00000014   Code   RO         7807    i.WM_GetDesktopWindowEx  STemWin532_CM3_Keil.lib(wm_getdesktopwindowex.o)
    0x0800a3a0   0x0800a3a0   0x0000000e   Code   RO         7309    i.WM_GetFirstChild  STemWin532_CM3_Keil.lib(wm_getfirstchild.o)
    0x0800a3ae   0x0800a3ae   0x0000000e   Code   RO         7636    i.WM_GetParent      STemWin532_CM3_Keil.lib(wm_getparent.o)
    0x0800a3bc   0x0800a3bc   0x00000016   Code   RO         7630    i.WM_GetWindowOrgX  STemWin532_CM3_Keil.lib(wm_getorg.o)
    0x0800a3d2   0x0800a3d2   0x00000002   PAD
    0x0800a3d4   0x0800a3d4   0x00000370   Code   RO         7329    i.WM_HandlePID      STemWin532_CM3_Keil.lib(wm_touch.o)
    0x0800a744   0x0800a744   0x000000d4   Code   RO         6978    i.WM_Init           STemWin532_CM3_Keil.lib(wm.o)
    0x0800a818   0x0800a818   0x00000076   Code   RO         6979    i.WM_InvalidateRect  STemWin532_CM3_Keil.lib(wm.o)
    0x0800a88e   0x0800a88e   0x00000006   Code   RO         6980    i.WM_InvalidateWindow  STemWin532_CM3_Keil.lib(wm.o)
    0x0800a894   0x0800a894   0x0000005e   Code   RO         6981    i.WM_InvalidateWindowAndDescsEx  STemWin532_CM3_Keil.lib(wm.o)
    0x0800a8f2   0x0800a8f2   0x00000004   Code   RO         7642    i.WM_IsWindow       STemWin532_CM3_Keil.lib(wm_iswindow.o)
    0x0800a8f6   0x0800a8f6   0x00000004   Code   RO         7827    i.WM_MoveWindow     STemWin532_CM3_Keil.lib(wm_move.o)
    0x0800a8fa   0x0800a8fa   0x00000010   Code   RO         7311    i.WM_NotifyParent   STemWin532_CM3_Keil.lib(wm_notifyparent.o)
    0x0800a90a   0x0800a90a   0x00000002   PAD
    0x0800a90c   0x0800a90c   0x00000038   Code   RO         7644    i.WM_OnKey          STemWin532_CM3_Keil.lib(wm_onkey.o)
    0x0800a944   0x0800a944   0x00000018   Code   RO         7647    i.WM_PID__SetPrevState  STemWin532_CM3_Keil.lib(wm_pid__getprevstate.o)
    0x0800a95c   0x0800a95c   0x00000004   Code   RO         7661    i.WM_ReleaseCapture  STemWin532_CM3_Keil.lib(wm_setcapture.o)
    0x0800a960   0x0800a960   0x000000ec   Code   RO         7809    i.WM_ResizeWindow   STemWin532_CM3_Keil.lib(wm_resizewindow.o)
    0x0800aa4c   0x0800aa4c   0x0000000a   Code   RO         7651    i.WM_Screen2hWin    STemWin532_CM3_Keil.lib(wm_screen2win.o)
    0x0800aa56   0x0800aa56   0x00000002   PAD
    0x0800aa58   0x0800aa58   0x0000003c   Code   RO         6982    i.WM_SelectWindow   STemWin532_CM3_Keil.lib(wm.o)
    0x0800aa94   0x0800aa94   0x00000004   Code   RO         7313    i.WM_SendMessageNoPara  STemWin532_CM3_Keil.lib(wm_sendmessagenopara.o)
    0x0800aa98   0x0800aa98   0x0000001e   Code   RO         7315    i.WM_SendToParent   STemWin532_CM3_Keil.lib(wm_sendtoparent.o)
    0x0800aab6   0x0800aab6   0x00000002   PAD
    0x0800aab8   0x0800aab8   0x00000014   Code   RO         6984    i.WM_SetDefault     STemWin532_CM3_Keil.lib(wm.o)
    0x0800aacc   0x0800aacc   0x0000003e   Code   RO         7667    i.WM_SetSize        STemWin532_CM3_Keil.lib(wm_setsize.o)
    0x0800ab0a   0x0800ab0a   0x00000002   PAD
    0x0800ab0c   0x0800ab0c   0x00000048   Code   RO         6985    i.WM__ActivateClipRect  STemWin532_CM3_Keil.lib(wm.o)
    0x0800ab54   0x0800ab54   0x00000010   Code   RO         7299    i.WM__AddCriticalHandle  STemWin532_CM3_Keil.lib(wm_criticalhandle.o)
    0x0800ab64   0x0800ab64   0x00000010   Code   RO         6986    i.WM__Client2Screen  STemWin532_CM3_Keil.lib(wm.o)
    0x0800ab74   0x0800ab74   0x0000004e   Code   RO         6987    i.WM__ClipAtParentBorders  STemWin532_CM3_Keil.lib(wm.o)
    0x0800abc2   0x0800abc2   0x0000004a   Code   RO         7321    i.WM__DeleteAssocTimer  STemWin532_CM3_Keil.lib(wm_timer.o)
    0x0800ac0c   0x0800ac0c   0x00000028   Code   RO         6989    i.WM__DetachWindow  STemWin532_CM3_Keil.lib(wm.o)
    0x0800ac34   0x0800ac34   0x00000020   Code   RO         7305    i.WM__GetClientRectEx  STemWin532_CM3_Keil.lib(wm_getclientrect.o)
    0x0800ac54   0x0800ac54   0x00000018   Code   RO         6990    i.WM__GetClientRectWin  STemWin532_CM3_Keil.lib(wm.o)
    0x0800ac6c   0x0800ac6c   0x00000012   Code   RO         7805    i.WM__GetFirstSibling  STemWin532_CM3_Keil.lib(wm__getfirstsibling.o)
    0x0800ac7e   0x0800ac7e   0x00000002   PAD
    0x0800ac80   0x0800ac80   0x00000040   Code   RO         6991    i.WM__GetNextIVR    STemWin532_CM3_Keil.lib(wm.o)
    0x0800acc0   0x0800acc0   0x00000024   Code   RO         7616    i.WM__GetPrevSibling  STemWin532_CM3_Keil.lib(wm__getprevsibling.o)
    0x0800ace4   0x0800ace4   0x00000018   Code   RO         6992    i.WM__GetTopLevelLayer  STemWin532_CM3_Keil.lib(wm.o)
    0x0800acfc   0x0800acfc   0x000000f0   Code   RO         6993    i.WM__InitIVRSearch  STemWin532_CM3_Keil.lib(wm.o)
    0x0800adec   0x0800adec   0x000000a4   Code   RO         6994    i.WM__InsertWindowIntoList  STemWin532_CM3_Keil.lib(wm.o)
    0x0800ae90   0x0800ae90   0x00000006   Code   RO         6995    i.WM__Invalidate1Abs  STemWin532_CM3_Keil.lib(wm.o)
    0x0800ae96   0x0800ae96   0x00000002   PAD
    0x0800ae98   0x0800ae98   0x00000054   Code   RO         6996    i.WM__InvalidateDrawAndDescs  STemWin532_CM3_Keil.lib(wm.o)
    0x0800aeec   0x0800aeec   0x0000002a   Code   RO         6997    i.WM__InvalidateParent  STemWin532_CM3_Keil.lib(wm.o)
    0x0800af16   0x0800af16   0x00000076   Code   RO         6998    i.WM__InvalidateRect  STemWin532_CM3_Keil.lib(wm.o)
    0x0800af8c   0x0800af8c   0x00000006   Code   RO         6999    i.WM__InvalidateRectEx  STemWin532_CM3_Keil.lib(wm.o)
    0x0800af92   0x0800af92   0x00000002   PAD
    0x0800af94   0x0800af94   0x00000022   Code   RO         7618    i.WM__IsAncestor    STemWin532_CM3_Keil.lib(wm__isancestor.o)
    0x0800afb6   0x0800afb6   0x00000016   Code   RO         7622    i.WM__IsEnabled     STemWin532_CM3_Keil.lib(wm__isenabled.o)
    0x0800afcc   0x0800afcc   0x00000068   Code   RO         7330    i.WM__IsInModalArea  STemWin532_CM3_Keil.lib(wm_touch.o)
    0x0800b034   0x0800b034   0x00000030   Code   RO         7653    i.WM__IsInWindow    STemWin532_CM3_Keil.lib(wm_screen2win.o)
    0x0800b064   0x0800b064   0x00000024   Code   RO         7000    i.WM__IsWindow      STemWin532_CM3_Keil.lib(wm.o)
    0x0800b088   0x0800b088   0x0000009a   Code   RO         7829    i.WM__MoveWindow    STemWin532_CM3_Keil.lib(wm_move.o)
    0x0800b122   0x0800b122   0x00000002   PAD
    0x0800b124   0x0800b124   0x000000a0   Code   RO         7001    i.WM__Paint         STemWin532_CM3_Keil.lib(wm.o)
    0x0800b1c4   0x0800b1c4   0x0000008c   Code   RO         7002    i.WM__Paint1        STemWin532_CM3_Keil.lib(wm.o)
    0x0800b250   0x0800b250   0x00000078   Code   RO         7003    i.WM__PaintWinAndOverlays  STemWin532_CM3_Keil.lib(wm.o)
    0x0800b2c8   0x0800b2c8   0x00000020   Code   RO         7004    i.WM__RectIsNZ      STemWin532_CM3_Keil.lib(wm.o)
    0x0800b2e8   0x0800b2e8   0x0000002c   Code   RO         7663    i.WM__ReleaseCapture  STemWin532_CM3_Keil.lib(wm_setcapture.o)
    0x0800b314   0x0800b314   0x0000002c   Code   RO         7300    i.WM__RemoveCriticalHandle  STemWin532_CM3_Keil.lib(wm_criticalhandle.o)
    0x0800b340   0x0800b340   0x00000040   Code   RO         7005    i.WM__RemoveWindowFromList  STemWin532_CM3_Keil.lib(wm.o)
    0x0800b380   0x0800b380   0x00000014   Code   RO         7006    i.WM__SelectTopLevelLayer  STemWin532_CM3_Keil.lib(wm.o)
    0x0800b394   0x0800b394   0x0000003c   Code   RO         7294    i.WM__SendMessage   STemWin532_CM3_Keil.lib(wm__sendmessage.o)
    0x0800b3d0   0x0800b3d0   0x0000001c   Code   RO         7624    i.WM__SendMessageIfEnabled  STemWin532_CM3_Keil.lib(wm__sendmessageifenabled.o)
    0x0800b3ec   0x0800b3ec   0x00000026   Code   RO         7626    i.WM__SendMessageNoPara  STemWin532_CM3_Keil.lib(wm__sendmessagenopara.o)
    0x0800b412   0x0800b412   0x0000000e   Code   RO         7007    i.WM__SendMsgNoData  STemWin532_CM3_Keil.lib(wm.o)
    0x0800b420   0x0800b420   0x0000003e   Code   RO         7331    i.WM__SendPIDMessage  STemWin532_CM3_Keil.lib(wm_touch.o)
    0x0800b45e   0x0800b45e   0x00000036   Code   RO         7332    i.WM__SendTouchMessage  STemWin532_CM3_Keil.lib(wm_touch.o)
    0x0800b494   0x0800b494   0x000000dc   Code   RO         7820    i.WM__UpdateChildPositions  STemWin532_CM3_Keil.lib(wm__updatechildpositions.o)
    0x0800b570   0x0800b570   0x00000018   Code   RO         3844    i.XPT2046_DelayUS   bsp_xpt2046_lcd.o
    0x0800b588   0x0800b588   0x0000008c   Code   RO         3846    i.XPT2046_Init      bsp_xpt2046_lcd.o
    0x0800b614   0x0800b614   0x000000a4   Code   RO         3848    i.XPT2046_ReadAdc_Fliter  bsp_xpt2046_lcd.o
    0x0800b6b8   0x0800b6b8   0x00000058   Code   RO         3851    i.XPT2046_ReadCMD   bsp_xpt2046_lcd.o
    0x0800b710   0x0800b710   0x0000006c   Code   RO         3857    i.XPT2046_WriteCMD  bsp_xpt2046_lcd.o
    0x0800b77c   0x0800b77c   0x00000038   Code   RO         6805    i._Add              STemWin532_CM3_Keil.lib(gui_fillpolygon.o)
    0x0800b7b4   0x0800b7b4   0x00000090   Code   RO         6262    i._AddFreeMemory    STemWin532_CM3_Keil.lib(gui_alloc.o)
    0x0800b844   0x0800b844   0x000000b8   Code   RO         6263    i._Alloc            STemWin532_CM3_Keil.lib(gui_alloc.o)
    0x0800b8fc   0x0800b8fc   0x00000004   Code   RO         6873    i._CalcSizeOfChar   STemWin532_CM3_Keil.lib(gui_uc_encodenone.o)
    0x0800b900   0x0800b900   0x00000038   Code   RO         6448    i._Color2IndexBulk  STemWin532_CM3_Keil.lib(guicc_565.o)
    0x0800b938   0x0800b938   0x0000000e   Code   RO         7529    i._Color2IndexBulk  STemWin532_CM3_Keil.lib(guicc_8888.o)
    0x0800b946   0x0800b946   0x00000002   PAD
    0x0800b948   0x0800b948   0x00000054   Code   RO         7213    i._Color2Index_0    STemWin532_CM3_Keil.lib(guicc_0.o)
    0x0800b99c   0x0800b99c   0x00000028   Code   RO         6449    i._Color2Index_565  STemWin532_CM3_Keil.lib(guicc_565.o)
    0x0800b9c4   0x0800b9c4   0x00000002   Code   RO         7530    i._Color2Index_8888  STemWin532_CM3_Keil.lib(guicc_8888.o)
    0x0800b9c6   0x0800b9c6   0x0000003e   Code   RO         7284    i._Convert16        STemWin532_CM3_Keil.lib(guidev_writetoactiveopaque.o)
    0x0800ba04   0x0800ba04   0x0000003e   Code   RO         7285    i._Convert8         STemWin532_CM3_Keil.lib(guidev_writetoactiveopaque.o)
    0x0800ba42   0x0800ba42   0x000000a2   Code   RO         7695    i._CreateBuffer     STemWin532_CM3_Keil.lib(gui_sprite.o)
    0x0800bae4   0x0800bae4   0x00000148   Code   RO         7263    i._CreateStaticDevice  STemWin532_CM3_Keil.lib(guidev_staticdevices.o)
    0x0800bc2c   0x0800bc2c   0x0000001c   Code   RO         6722    i._Data2Index_16bpp_B16  STemWin532_CM3_Keil.lib(guidrv_flexcolor_func66709.o)
    0x0800bc48   0x0800bc48   0x00000016   Code   RO         6723    i._Data2Index_16bpp_B8  STemWin532_CM3_Keil.lib(guidrv_flexcolor_func66709.o)
    0x0800bc5e   0x0800bc5e   0x00000002   PAD
    0x0800bc60   0x0800bc60   0x00000014   Code   RO         6835    i._DecPointer       STemWin532_CM3_Keil.lib(gui_pid.o)
    0x0800bc74   0x0800bc74   0x00000012   Code   RO         7008    i._DeleteAllChildren  STemWin532_CM3_Keil.lib(wm.o)
    0x0800bc86   0x0800bc86   0x00000002   PAD
    0x0800bc88   0x0800bc88   0x00000020   Code   RO         7009    i._DesktopHandle2Index  STemWin532_CM3_Keil.lib(wm.o)
    0x0800bca8   0x0800bca8   0x00000074   Code   RO         7120    i._DispLine         STemWin532_CM3_Keil.lib(gui_charline.o)
    0x0800bd1c   0x0800bd1c   0x00000148   Code   RO         6703    i._DrawBitLine1BPP  STemWin532_CM3_Keil.lib(guidrv_flexcolor_16bpp_c0b16.o)
    0x0800be64   0x0800be64   0x00000148   Code   RO         6936    i._DrawBitLine1BPP  STemWin532_CM3_Keil.lib(guidev_16.o)
    0x0800bfac   0x0800bfac   0x0000011c   Code   RO         7540    i._DrawBitLine1BPP  STemWin532_CM3_Keil.lib(guidev_32.o)
    0x0800c0c8   0x0800c0c8   0x00000118   Code   RO         6704    i._DrawBitLine2BPP  STemWin532_CM3_Keil.lib(guidrv_flexcolor_16bpp_c0b16.o)
    0x0800c1e0   0x0800c1e0   0x000000e0   Code   RO         6937    i._DrawBitLine2BPP  STemWin532_CM3_Keil.lib(guidev_16.o)
    0x0800c2c0   0x0800c2c0   0x000000e0   Code   RO         7541    i._DrawBitLine2BPP  STemWin532_CM3_Keil.lib(guidev_32.o)
    0x0800c3a0   0x0800c3a0   0x000000a0   Code   RO         7542    i._DrawBitLine32BPP_DDB  STemWin532_CM3_Keil.lib(guidev_32.o)
    0x0800c440   0x0800c440   0x00000118   Code   RO         6705    i._DrawBitLine4BPP  STemWin532_CM3_Keil.lib(guidrv_flexcolor_16bpp_c0b16.o)
    0x0800c558   0x0800c558   0x00000160   Code   RO         6938    i._DrawBitLine4BPP  STemWin532_CM3_Keil.lib(guidev_16.o)
    0x0800c6b8   0x0800c6b8   0x00000158   Code   RO         7543    i._DrawBitLine4BPP  STemWin532_CM3_Keil.lib(guidev_32.o)
    0x0800c810   0x0800c810   0x000000d4   Code   RO         6706    i._DrawBitLine8BPP  STemWin532_CM3_Keil.lib(guidrv_flexcolor_16bpp_c0b16.o)
    0x0800c8e4   0x0800c8e4   0x00000022   Code   RO         6608    i._DrawBitmap       STemWin532_CM3_Keil.lib(guidrv_flexcolor.o)
    0x0800c906   0x0800c906   0x00000002   PAD
    0x0800c908   0x0800c908   0x000000f4   Code   RO         6707    i._DrawBitmap       STemWin532_CM3_Keil.lib(guidrv_flexcolor_16bpp_c0b16.o)
    0x0800c9fc   0x0800c9fc   0x000002a0   Code   RO         6939    i._DrawBitmap       STemWin532_CM3_Keil.lib(guidev_16.o)
    0x0800cc9c   0x0800cc9c   0x000002a4   Code   RO         7544    i._DrawBitmap       STemWin532_CM3_Keil.lib(guidev_32.o)
    0x0800cf40   0x0800cf40   0x0000000e   Code   RO         6609    i._DrawHLine        STemWin532_CM3_Keil.lib(guidrv_flexcolor.o)
    0x0800cf4e   0x0800cf4e   0x0000000a   Code   RO         6940    i._DrawHLine        STemWin532_CM3_Keil.lib(guidev_16.o)
    0x0800cf58   0x0800cf58   0x0000000a   Code   RO         7545    i._DrawHLine        STemWin532_CM3_Keil.lib(guidev_32.o)
    0x0800cf62   0x0800cf62   0x00000002   PAD
    0x0800cf64   0x0800cf64   0x00000014   Code   RO         6401    i._DrawLineEnd      STemWin532_CM3_Keil.lib(gui_drawline.o)
    0x0800cf78   0x0800cf78   0x0000005c   Code   RO         7010    i._DrawNext         STemWin532_CM3_Keil.lib(wm.o)
    0x0800cfd4   0x0800cfd4   0x00000010   Code   RO         6610    i._DrawVLine        STemWin532_CM3_Keil.lib(guidrv_flexcolor.o)
    0x0800cfe4   0x0800cfe4   0x000000b8   Code   RO         6941    i._DrawVLine        STemWin532_CM3_Keil.lib(guidev_16.o)
    0x0800d09c   0x0800d09c   0x000000ac   Code   RO         7546    i._DrawVLine        STemWin532_CM3_Keil.lib(guidev_32.o)
    0x0800d148   0x0800d148   0x00000006   Code   RO         6874    i._Encode           STemWin532_CM3_Keil.lib(gui_uc_encodenone.o)
    0x0800d14e   0x0800d14e   0x00000002   PAD
    0x0800d150   0x0800d150   0x00000098   Code   RO         6264    i._EnlargeBlocks    STemWin532_CM3_Keil.lib(gui_alloc.o)
    0x0800d1e8   0x0800d1e8   0x00000070   Code   RO         7011    i._Exec1Input       STemWin532_CM3_Keil.lib(wm.o)
    0x0800d258   0x0800d258   0x00000010   Code   RO         6611    i._FillRect         STemWin532_CM3_Keil.lib(guidrv_flexcolor.o)
    0x0800d268   0x0800d268   0x000000f8   Code   RO         6708    i._FillRect         STemWin532_CM3_Keil.lib(guidrv_flexcolor_16bpp_c0b16.o)
    0x0800d360   0x0800d360   0x000000ac   Code   RO         6942    i._FillRect         STemWin532_CM3_Keil.lib(guidev_16.o)
    0x0800d40c   0x0800d40c   0x000000a4   Code   RO         7547    i._FillRect         STemWin532_CM3_Keil.lib(guidev_32.o)
    0x0800d4b0   0x0800d4b0   0x00000148   Code   RO         7012    i._FindNext_IVR     STemWin532_CM3_Keil.lib(wm.o)
    0x0800d5f8   0x0800d5f8   0x0000007c   Code   RO         7013    i._Findx0           STemWin532_CM3_Keil.lib(wm.o)
    0x0800d674   0x0800d674   0x00000072   Code   RO         7014    i._Findx1           STemWin532_CM3_Keil.lib(wm.o)
    0x0800d6e6   0x0800d6e6   0x000000a6   Code   RO         7015    i._Findy1           STemWin532_CM3_Keil.lib(wm.o)
    0x0800d78c   0x0800d78c   0x0000007a   Code   RO         7701    i._FlushBuffer      STemWin532_CM3_Keil.lib(gui_sprite.o)
    0x0800d806   0x0800d806   0x00000004   Code   RO         7600    i._GUI_USAGE_BM_Delete  STemWin532_CM3_Keil.lib(guidev_usagebm.o)
    0x0800d80a   0x0800d80a   0x0000006c   Code   RO         7702    i._GetBkIndex       STemWin532_CM3_Keil.lib(gui_sprite.o)
    0x0800d876   0x0800d876   0x00000080   Code   RO         7703    i._GetBkIndexAlpha  STemWin532_CM3_Keil.lib(gui_sprite.o)
    0x0800d8f6   0x0800d8f6   0x00000004   Code   RO         6875    i._GetCharCode      STemWin532_CM3_Keil.lib(gui_uc_encodenone.o)
    0x0800d8fa   0x0800d8fa   0x00000004   Code   RO         6876    i._GetCharSize      STemWin532_CM3_Keil.lib(gui_uc_encodenone.o)
    0x0800d8fe   0x0800d8fe   0x0000000e   Code   RO         6612    i._GetDevData       STemWin532_CM3_Keil.lib(guidrv_flexcolor.o)
    0x0800d90c   0x0800d90c   0x00000010   Code   RO         6943    i._GetDevData       STemWin532_CM3_Keil.lib(guidev_16.o)
    0x0800d91c   0x0800d91c   0x00000010   Code   RO         7548    i._GetDevData       STemWin532_CM3_Keil.lib(guidev_32.o)
    0x0800d92c   0x0800d92c   0x00000070   Code   RO         6613    i._GetDevFunc       STemWin532_CM3_Keil.lib(guidrv_flexcolor.o)
    0x0800d99c   0x0800d99c   0x00000010   Code   RO         6944    i._GetDevFunc       STemWin532_CM3_Keil.lib(guidev_16.o)
    0x0800d9ac   0x0800d9ac   0x00000010   Code   RO         7549    i._GetDevFunc       STemWin532_CM3_Keil.lib(guidev_32.o)
    0x0800d9bc   0x0800d9bc   0x0000004c   Code   RO         6614    i._GetDevFunc_Init  STemWin532_CM3_Keil.lib(guidrv_flexcolor.o)
    0x0800da08   0x0800da08   0x00000002   Code   RO         6615    i._GetDevFunc_SetRect  STemWin532_CM3_Keil.lib(guidrv_flexcolor.o)
    0x0800da0a   0x0800da0a   0x00000002   PAD
    0x0800da0c   0x0800da0c   0x00000040   Code   RO         6616    i._GetDevFunc_SetRectOutside  STemWin532_CM3_Keil.lib(guidrv_flexcolor.o)
    0x0800da4c   0x0800da4c   0x00000014   Code   RO         6617    i._GetDevFunc_SetSize  STemWin532_CM3_Keil.lib(guidrv_flexcolor.o)
    0x0800da60   0x0800da60   0x00000014   Code   RO         6618    i._GetDevFunc_SetVSize  STemWin532_CM3_Keil.lib(guidrv_flexcolor.o)
    0x0800da74   0x0800da74   0x0000001e   Code   RO         6498    i._GetDevProp       STemWin532_CM3_Keil.lib(lcd_getex.o)
    0x0800da92   0x0800da92   0x00000066   Code   RO         6619    i._GetDevProp       STemWin532_CM3_Keil.lib(guidrv_flexcolor.o)
    0x0800daf8   0x0800daf8   0x00000010   Code   RO         6945    i._GetDevProp       STemWin532_CM3_Keil.lib(guidev_16.o)
    0x0800db08   0x0800db08   0x0000000c   Code   RO         7550    i._GetDevProp       STemWin532_CM3_Keil.lib(guidev_32.o)
    0x0800db14   0x0800db14   0x00000040   Code   RO         7709    i._GetDeviceRect    STemWin532_CM3_Keil.lib(gui_sprite.o)
    0x0800db54   0x0800db54   0x00000052   Code   RO         7214    i._GetIndexMask_0   STemWin532_CM3_Keil.lib(guicc_0.o)
    0x0800dba6   0x0800dba6   0x00000006   Code   RO         6450    i._GetIndexMask_565  STemWin532_CM3_Keil.lib(guicc_565.o)
    0x0800dbac   0x0800dbac   0x00000006   Code   RO         7531    i._GetIndexMask_8888  STemWin532_CM3_Keil.lib(guicc_8888.o)
    0x0800dbb2   0x0800dbb2   0x0000001e   Code   RO         6499    i._GetMaxValue      STemWin532_CM3_Keil.lib(lcd_getex.o)
    0x0800dbd0   0x0800dbd0   0x0000001c   Code   RO         6265    i._GetMinIndex      STemWin532_CM3_Keil.lib(gui_alloc.o)
    0x0800dbec   0x0800dbec   0x00000008   Code   RO         6620    i._GetPixelIndex    STemWin532_CM3_Keil.lib(guidrv_flexcolor.o)
    0x0800dbf4   0x0800dbf4   0x0000000e   Code   RO         6946    i._GetPixelIndex    STemWin532_CM3_Keil.lib(guidev_16.o)
    0x0800dc02   0x0800dc02   0x0000000e   Code   RO         7551    i._GetPixelIndex    STemWin532_CM3_Keil.lib(guidev_32.o)
    0x0800dc10   0x0800dc10   0x00000016   Code   RO         6621    i._GetRect          STemWin532_CM3_Keil.lib(guidrv_flexcolor.o)
    0x0800dc26   0x0800dc26   0x00000030   Code   RO         6947    i._GetRect          STemWin532_CM3_Keil.lib(guidev_16.o)
    0x0800dc56   0x0800dc56   0x00000030   Code   RO         7552    i._GetRect          STemWin532_CM3_Keil.lib(guidev_32.o)
    0x0800dc86   0x0800dc86   0x00000002   PAD
    0x0800dc88   0x0800dc88   0x00000010   Code   RO         6814    i._GotoX            STemWin532_CM3_Keil.lib(gui_goto.o)
    0x0800dc98   0x0800dc98   0x00000010   Code   RO         6815    i._GotoY            STemWin532_CM3_Keil.lib(gui_goto.o)
    0x0800dca8   0x0800dca8   0x00000014   Code   RO         6836    i._IncPointer       STemWin532_CM3_Keil.lib(gui_pid.o)
    0x0800dcbc   0x0800dcbc   0x0000001c   Code   RO         7141    i._IncPointer       STemWin532_CM3_Keil.lib(gui_onkey.o)
    0x0800dcd8   0x0800dcd8   0x00000006   Code   RO         7142    i._IncReadPointer   STemWin532_CM3_Keil.lib(gui_onkey.o)
    0x0800dcde   0x0800dcde   0x00000002   PAD
    0x0800dce0   0x0800dce0   0x00000048   Code   RO         6451    i._Index2ColorBulk  STemWin532_CM3_Keil.lib(guicc_565.o)
    0x0800dd28   0x0800dd28   0x0000000e   Code   RO         7532    i._Index2ColorBulk  STemWin532_CM3_Keil.lib(guicc_8888.o)
    0x0800dd36   0x0800dd36   0x00000020   Code   RO         7215    i._Index2Color_0    STemWin532_CM3_Keil.lib(guicc_0.o)
    0x0800dd56   0x0800dd56   0x00000002   PAD
    0x0800dd58   0x0800dd58   0x00000070   Code   RO         6340    i._InitContext      STemWin532_CM3_Keil.lib(gui_core.o)
    0x0800ddc8   0x0800ddc8   0x000000a8   Code   RO         6266    i._InitOnce         STemWin532_CM3_Keil.lib(gui_alloc.o)
    0x0800de70   0x0800de70   0x00000080   Code   RO         7016    i._Invalidate1Abs   STemWin532_CM3_Keil.lib(wm.o)
    0x0800def0   0x0800def0   0x00000054   Code   RO         6855    i._Log2PhysX        STemWin532_CM3_Keil.lib(gui_touch_calibrate.o)
    0x0800df44   0x0800df44   0x00000004   Code   RO         6622    i._Log2PhysX_X0Y0S0  STemWin532_CM3_Keil.lib(guidrv_flexcolor.o)
    0x0800df48   0x0800df48   0x00000004   Code   RO         6623    i._Log2PhysX_X0Y0S1  STemWin532_CM3_Keil.lib(guidrv_flexcolor.o)
    0x0800df4c   0x0800df4c   0x00000004   Code   RO         6624    i._Log2PhysX_X0Y1S0  STemWin532_CM3_Keil.lib(guidrv_flexcolor.o)
    0x0800df50   0x0800df50   0x00000004   Code   RO         6625    i._Log2PhysX_X0Y1S1  STemWin532_CM3_Keil.lib(guidrv_flexcolor.o)
    0x0800df54   0x0800df54   0x00000008   Code   RO         6626    i._Log2PhysX_X1Y0S0  STemWin532_CM3_Keil.lib(guidrv_flexcolor.o)
    0x0800df5c   0x0800df5c   0x00000008   Code   RO         6627    i._Log2PhysX_X1Y0S1  STemWin532_CM3_Keil.lib(guidrv_flexcolor.o)
    0x0800df64   0x0800df64   0x00000008   Code   RO         6628    i._Log2PhysX_X1Y1S0  STemWin532_CM3_Keil.lib(guidrv_flexcolor.o)
    0x0800df6c   0x0800df6c   0x00000008   Code   RO         6629    i._Log2PhysX_X1Y1S1  STemWin532_CM3_Keil.lib(guidrv_flexcolor.o)
    0x0800df74   0x0800df74   0x00000050   Code   RO         6856    i._Log2PhysY        STemWin532_CM3_Keil.lib(gui_touch_calibrate.o)
    0x0800dfc4   0x0800dfc4   0x00000004   Code   RO         6630    i._Log2PhysY_X0Y0S0  STemWin532_CM3_Keil.lib(guidrv_flexcolor.o)
    0x0800dfc8   0x0800dfc8   0x00000004   Code   RO         6631    i._Log2PhysY_X0Y0S1  STemWin532_CM3_Keil.lib(guidrv_flexcolor.o)
    0x0800dfcc   0x0800dfcc   0x00000008   Code   RO         6632    i._Log2PhysY_X0Y1S0  STemWin532_CM3_Keil.lib(guidrv_flexcolor.o)
    0x0800dfd4   0x0800dfd4   0x00000008   Code   RO         6633    i._Log2PhysY_X0Y1S1  STemWin532_CM3_Keil.lib(guidrv_flexcolor.o)
    0x0800dfdc   0x0800dfdc   0x00000004   Code   RO         6634    i._Log2PhysY_X1Y0S0  STemWin532_CM3_Keil.lib(guidrv_flexcolor.o)
    0x0800dfe0   0x0800dfe0   0x00000004   Code   RO         6635    i._Log2PhysY_X1Y0S1  STemWin532_CM3_Keil.lib(guidrv_flexcolor.o)
    0x0800dfe4   0x0800dfe4   0x00000008   Code   RO         6636    i._Log2PhysY_X1Y1S0  STemWin532_CM3_Keil.lib(guidrv_flexcolor.o)
    0x0800dfec   0x0800dfec   0x00000008   Code   RO         6637    i._Log2PhysY_X1Y1S1  STemWin532_CM3_Keil.lib(guidrv_flexcolor.o)
    0x0800dff4   0x0800dff4   0x00000002   Code   RO         7121    i._Log2VisBuffered  STemWin532_CM3_Keil.lib(gui_charline.o)
    0x0800dff6   0x0800dff6   0x00000008   Code   RO         7249    i._Min              STemWin532_CM3_Keil.lib(guidev_banding.o)
    0x0800dffe   0x0800dffe   0x0000006e   Code   RO         7830    i._MoveDescendents  STemWin532_CM3_Keil.lib(wm_move.o)
    0x0800e06c   0x0800e06c   0x00000034   Code   RO         6267    i._OnExit           STemWin532_CM3_Keil.lib(gui_alloc.o)
    0x0800e0a0   0x0800e0a0   0x0000002c   Code   RO         6341    i._OnExit           STemWin532_CM3_Keil.lib(gui_core.o)
    0x0800e0cc   0x0800e0cc   0x00000014   Code   RO         6927    i._OnExit           STemWin532_CM3_Keil.lib(lcd_color.o)
    0x0800e0e0   0x0800e0e0   0x00000034   Code   RO         7017    i._OnExit           STemWin532_CM3_Keil.lib(wm.o)
    0x0800e114   0x0800e114   0x00000028   Code   RO         7354    i._OnExit           STemWin532_CM3_Keil.lib(gui__alpha.o)
    0x0800e13c   0x0800e13c   0x00000024   Code   RO         7018    i._Paint1           STemWin532_CM3_Keil.lib(wm.o)
    0x0800e160   0x0800e160   0x0000008c   Code   RO         7019    i._Paint1Trans      STemWin532_CM3_Keil.lib(wm.o)
    0x0800e1ec   0x0800e1ec   0x0000009a   Code   RO         7020    i._PaintTransChildren  STemWin532_CM3_Keil.lib(wm.o)
    0x0800e286   0x0800e286   0x00000002   PAD
    0x0800e288   0x0800e288   0x00000040   Code   RO         6268    i._PopFreeBlock     STemWin532_CM3_Keil.lib(gui_alloc.o)
    0x0800e2c8   0x0800e2c8   0x00000028   Code   RO         6269    i._PushFreeBlock    STemWin532_CM3_Keil.lib(gui_alloc.o)
    0x0800e2f0   0x0800e2f0   0x00000006   Code   RO         6709    i._ReadData         STemWin532_CM3_Keil.lib(guidrv_flexcolor_16bpp_c0b16.o)
    0x0800e2f6   0x0800e2f6   0x0000000c   Code   RO         6638    i._ReadPixelCust_16bpp  STemWin532_CM3_Keil.lib(guidrv_flexcolor.o)
    0x0800e302   0x0800e302   0x0000000c   Code   RO         6639    i._ReadPixelCust_18bpp  STemWin532_CM3_Keil.lib(guidrv_flexcolor.o)
    0x0800e30e   0x0800e30e   0x00000028   Code   RO         6724    i._ReadPixel_16bpp_B16_I  STemWin532_CM3_Keil.lib(guidrv_flexcolor_func66709.o)
    0x0800e336   0x0800e336   0x00000024   Code   RO         6727    i._ReadPixel_16bpp_B8  STemWin532_CM3_Keil.lib(guidrv_flexcolor_func66709.o)
    0x0800e35a   0x0800e35a   0x00000030   Code   RO         6640    i._ReadRectCust_16bpp  STemWin532_CM3_Keil.lib(guidrv_flexcolor.o)
    0x0800e38a   0x0800e38a   0x00000030   Code   RO         6641    i._ReadRectCust_18bpp  STemWin532_CM3_Keil.lib(guidrv_flexcolor.o)
    0x0800e3ba   0x0800e3ba   0x0000004c   Code   RO         6728    i._ReadRect_16bpp_B16_I  STemWin532_CM3_Keil.lib(guidrv_flexcolor_func66709.o)
    0x0800e406   0x0800e406   0x00000048   Code   RO         6731    i._ReadRect_16bpp_B8  STemWin532_CM3_Keil.lib(guidrv_flexcolor_func66709.o)
    0x0800e44e   0x0800e44e   0x0000001c   Code   RO         7714    i._ReleaseBuffer    STemWin532_CM3_Keil.lib(gui_sprite.o)
    0x0800e46a   0x0800e46a   0x00000002   PAD
    0x0800e46c   0x0800e46c   0x00000034   Code   RO         6270    i._RemoveFreeBlock  STemWin532_CM3_Keil.lib(gui_alloc.o)
    0x0800e4a0   0x0800e4a0   0x0000005c   Code   RO         7508    i._RemoveFromLinList  STemWin532_CM3_Keil.lib(gui_timer.o)
    0x0800e4fc   0x0800e4fc   0x000000a0   Code   RO         6271    i._RemoveHoles      STemWin532_CM3_Keil.lib(gui_alloc.o)
    0x0800e59c   0x0800e59c   0x0000005a   Code   RO         7654    i._Screen2hWin      STemWin532_CM3_Keil.lib(wm_screen2win.o)
    0x0800e5f6   0x0800e5f6   0x00000002   PAD
    0x0800e5f8   0x0800e5f8   0x00000024   Code   RO         7655    i._Screen2hWinStop  STemWin532_CM3_Keil.lib(wm_screen2win.o)
    0x0800e61c   0x0800e61c   0x00000020   Code   RO         6897    i._SetBkColor       STemWin532_CM3_Keil.lib(lcd.o)
    0x0800e63c   0x0800e63c   0x0000004a   Code   RO         7717    i._SetBkIndexBuffered  STemWin532_CM3_Keil.lib(gui_sprite.o)
    0x0800e686   0x0800e686   0x00000002   PAD
    0x0800e688   0x0800e688   0x0000004c   Code   RO         7021    i._SetClipRectUserIntersect  STemWin532_CM3_Keil.lib(wm.o)
    0x0800e6d4   0x0800e6d4   0x00000020   Code   RO         6898    i._SetColor         STemWin532_CM3_Keil.lib(lcd.o)
    0x0800e6f4   0x0800e6f4   0x00000080   Code   RO         6642    i._SetDevFunc       STemWin532_CM3_Keil.lib(guidrv_flexcolor.o)
    0x0800e774   0x0800e774   0x0000002c   Code   RO         6899    i._SetDrawMode      STemWin532_CM3_Keil.lib(lcd.o)
    0x0800e7a0   0x0800e7a0   0x00000030   Code   RO         6732    i._SetInterface     STemWin532_CM3_Keil.lib(guidrv_flexcolor_func66709.o)
    0x0800e7d0   0x0800e7d0   0x00000078   Code   RO         6402    i._SetLineColor     STemWin532_CM3_Keil.lib(gui_drawline.o)
    0x0800e848   0x0800e848   0x00000012   Code   RO         6643    i._SetOrg           STemWin532_CM3_Keil.lib(guidrv_flexcolor.o)
    0x0800e85a   0x0800e85a   0x0000000e   Code   RO         6948    i._SetOrg           STemWin532_CM3_Keil.lib(guidev_16.o)
    0x0800e868   0x0800e868   0x00000008   Code   RO         7553    i._SetOrg           STemWin532_CM3_Keil.lib(guidev_32.o)
    0x0800e870   0x0800e870   0x00000038   Code   RO         6733    i._SetOrientation   STemWin532_CM3_Keil.lib(guidrv_flexcolor_func66709.o)
    0x0800e8a8   0x0800e8a8   0x000000a8   Code   RO         6734    i._SetPhysRAMAddr   STemWin532_CM3_Keil.lib(guidrv_flexcolor_func66709.o)
    0x0800e950   0x0800e950   0x0000000e   Code   RO         6644    i._SetPixelIndex    STemWin532_CM3_Keil.lib(guidrv_flexcolor.o)
    0x0800e95e   0x0800e95e   0x00000002   PAD
    0x0800e960   0x0800e960   0x00000048   Code   RO         6949    i._SetPixelIndex    STemWin532_CM3_Keil.lib(guidev_16.o)
    0x0800e9a8   0x0800e9a8   0x00000048   Code   RO         7554    i._SetPixelIndex    STemWin532_CM3_Keil.lib(guidev_32.o)
    0x0800e9f0   0x0800e9f0   0x0000045c   Code   RO         7720    i._SetPosition      STemWin532_CM3_Keil.lib(gui_sprite.o)
    0x0800ee4c   0x0800ee4c   0x000000b4   Code   RO         6735    i._SetRect          STemWin532_CM3_Keil.lib(guidrv_flexcolor_func66709.o)
    0x0800ef00   0x0800ef00   0x00000008   Code   RO         6736    i._SetReg_B16       STemWin532_CM3_Keil.lib(guidrv_flexcolor_func66709.o)
    0x0800ef08   0x0800ef08   0x0000001a   Code   RO         6737    i._SetReg_B8        STemWin532_CM3_Keil.lib(guidrv_flexcolor_func66709.o)
    0x0800ef22   0x0800ef22   0x00000002   PAD
    0x0800ef24   0x0800ef24   0x00000068   Code   RO         6837    i._StoreState       STemWin532_CM3_Keil.lib(gui_pid.o)
    0x0800ef8c   0x0800ef8c   0x000000ea   Code   RO         6272    i._TestRAM          STemWin532_CM3_Keil.lib(gui_alloc.o)
    0x0800f076   0x0800f076   0x00000002   PAD
    0x0800f078   0x0800f078   0x00000050   Code   RO         7509    i._Unlink           STemWin532_CM3_Keil.lib(gui_timer.o)
    0x0800f0c8   0x0800f0c8   0x0000000a   Code   RO         6710    i._WriteData        STemWin532_CM3_Keil.lib(guidrv_flexcolor_16bpp_c0b16.o)
    0x0800f0d2   0x0800f0d2   0x00000008   Code   RO         6738    i._WritePara_B16    STemWin532_CM3_Keil.lib(guidrv_flexcolor_func66709.o)
    0x0800f0da   0x0800f0da   0x0000000a   Code   RO         6739    i._WritePara_B8     STemWin532_CM3_Keil.lib(guidrv_flexcolor_func66709.o)
    0x0800f0e4   0x0800f0e4   0x0000000e   Code   RO         6273    i._WriteTagData     STemWin532_CM3_Keil.lib(gui_alloc.o)
    0x0800f0f2   0x0800f0f2   0x00000002   PAD
    0x0800f0f4   0x0800f0f4   0x00000340   Code   RO         7286    i._WriteToActiveOpaque_8  STemWin532_CM3_Keil.lib(guidev_writetoactiveopaque.o)
    0x0800f434   0x0800f434   0x00000344   Code   RO         7287    i._WriteToActiveOpaque_HT  STemWin532_CM3_Keil.lib(guidev_writetoactiveopaque.o)
    0x0800f778   0x0800f778   0x0000003c   Code   RO         6950    i._XY2PTR           STemWin532_CM3_Keil.lib(guidev_16.o)
    0x0800f7b4   0x0800f7b4   0x0000003c   Code   RO         7555    i._XY2PTR           STemWin532_CM3_Keil.lib(guidev_32.o)
    0x0800f7f0   0x0800f7f0   0x00000024   Code   RO         6645    i._XorPixel         STemWin532_CM3_Keil.lib(guidrv_flexcolor.o)
    0x0800f814   0x0800f814   0x00000054   Code   RO         6951    i._XorPixel         STemWin532_CM3_Keil.lib(guidev_16.o)
    0x0800f868   0x0800f868   0x00000058   Code   RO         7556    i._XorPixel         STemWin532_CM3_Keil.lib(guidev_32.o)
    0x0800f8c0   0x0800f8c0   0x00000020   Code   RO         8091    i.__0printf         mc_w.l(printfa.o)
    0x0800f8e0   0x0800f8e0   0x00000028   Code   RO         8093    i.__0sprintf        mc_w.l(printfa.o)
    0x0800f908   0x0800f908   0x0000000e   Code   RO         8181    i.__scatterload_copy  mc_w.l(handlers.o)
    0x0800f916   0x0800f916   0x00000002   Code   RO         8182    i.__scatterload_null  mc_w.l(handlers.o)
    0x0800f918   0x0800f918   0x0000000e   Code   RO         8183    i.__scatterload_zeroinit  mc_w.l(handlers.o)
    0x0800f926   0x0800f926   0x00000002   PAD
    0x0800f928   0x0800f928   0x00000084   Code   RO         6403    i._atan2            STemWin532_CM3_Keil.lib(gui_drawline.o)
    0x0800f9ac   0x0800f9ac   0x00000050   Code   RO         7022    i._cbBackWin        STemWin532_CM3_Keil.lib(wm.o)
    0x0800f9fc   0x0800f9fc   0x00000044   Code   RO         7023    i._cbPaintMemDev    STemWin532_CM3_Keil.lib(wm.o)
    0x0800fa40   0x0800fa40   0x00000184   Code   RO         8098    i._fp_digits        mc_w.l(printfa.o)
    0x0800fbc4   0x0800fbc4   0x000006dc   Code   RO         8099    i._printf_core      mc_w.l(printfa.o)
    0x080102a0   0x080102a0   0x00000024   Code   RO         8100    i._printf_post_padding  mc_w.l(printfa.o)
    0x080102c4   0x080102c4   0x0000002e   Code   RO         8101    i._printf_pre_padding  mc_w.l(printfa.o)
    0x080102f2   0x080102f2   0x0000000a   Code   RO         8103    i._sputc            mc_w.l(printfa.o)
    0x080102fc   0x080102fc   0x0000008a   Code   RO         6900    i.emWin_LCD_Init    STemWin532_CM3_Keil.lib(lcd.o)
    0x08010386   0x08010386   0x00000002   PAD
    0x08010388   0x08010388   0x00000024   Code   RO         3796    i.fputc             bsp_usart.o
    0x080103ac   0x080103ac   0x00000060   Code   RO         3168    i.main              main.o
    0x0801040c   0x0801040c   0x000005f0   Data   RO         3825    .constdata          fonts.o
    0x080109fc   0x080109fc   0x00000004   Data   RO         4852    .constdata          os_cfg_app.o
    0x08010a00   0x08010a00   0x00000004   Data   RO         4853    .constdata          os_cfg_app.o
    0x08010a04   0x08010a04   0x00000004   Data   RO         4854    .constdata          os_cfg_app.o
    0x08010a08   0x08010a08   0x00000004   Data   RO         4856    .constdata          os_cfg_app.o
    0x08010a0c   0x08010a0c   0x00000002   Data   RO         4857    .constdata          os_cfg_app.o
    0x08010a0e   0x08010a0e   0x00000002   PAD
    0x08010a10   0x08010a10   0x00000004   Data   RO         4859    .constdata          os_cfg_app.o
    0x08010a14   0x08010a14   0x00000004   Data   RO         4860    .constdata          os_cfg_app.o
    0x08010a18   0x08010a18   0x00000004   Data   RO         4861    .constdata          os_cfg_app.o
    0x08010a1c   0x08010a1c   0x00000004   Data   RO         4863    .constdata          os_cfg_app.o
    0x08010a20   0x08010a20   0x00000004   Data   RO         4864    .constdata          os_cfg_app.o
    0x08010a24   0x08010a24   0x00000002   Data   RO         4866    .constdata          os_cfg_app.o
    0x08010a26   0x08010a26   0x00000002   PAD
    0x08010a28   0x08010a28   0x00000004   Data   RO         4868    .constdata          os_cfg_app.o
    0x08010a2c   0x08010a2c   0x00000001   Data   RO         4869    .constdata          os_cfg_app.o
    0x08010a2d   0x08010a2d   0x00000003   PAD
    0x08010a30   0x08010a30   0x00000004   Data   RO         4870    .constdata          os_cfg_app.o
    0x08010a34   0x08010a34   0x00000004   Data   RO         4871    .constdata          os_cfg_app.o
    0x08010a38   0x08010a38   0x00000004   Data   RO         4872    .constdata          os_cfg_app.o
    0x08010a3c   0x08010a3c   0x00000004   Data   RO         4873    .constdata          os_cfg_app.o
    0x08010a40   0x08010a40   0x00000004   Data   RO         4875    .constdata          os_cfg_app.o
    0x08010a44   0x08010a44   0x00000004   Data   RO         4876    .constdata          os_cfg_app.o
    0x08010a48   0x08010a48   0x00000001   Data   RO         4877    .constdata          os_cfg_app.o
    0x08010a49   0x08010a49   0x00000003   PAD
    0x08010a4c   0x08010a4c   0x00000004   Data   RO         4878    .constdata          os_cfg_app.o
    0x08010a50   0x08010a50   0x00000004   Data   RO         4879    .constdata          os_cfg_app.o
    0x08010a54   0x08010a54   0x00000004   Data   RO         4880    .constdata          os_cfg_app.o
    0x08010a58   0x08010a58   0x00000002   Data   RO         4882    .constdata          os_cfg_app.o
    0x08010a5a   0x08010a5a   0x00000001   Data   RO         4884    .constdata          os_cfg_app.o
    0x08010a5b   0x08010a5b   0x00000001   PAD
    0x08010a5c   0x08010a5c   0x00000004   Data   RO         4885    .constdata          os_cfg_app.o
    0x08010a60   0x08010a60   0x00000004   Data   RO         4886    .constdata          os_cfg_app.o
    0x08010a64   0x08010a64   0x00000004   Data   RO         4887    .constdata          os_cfg_app.o
    0x08010a68   0x08010a68   0x00000004   Data   RO         4888    .constdata          os_cfg_app.o
    0x08010a6c   0x08010a6c   0x00000002   Data   RO         4890    .constdata          os_cfg_app.o
    0x08010a6e   0x08010a6e   0x00000002   PAD
    0x08010a70   0x08010a70   0x00000008   Data   RO         6343    .constdata          STemWin532_CM3_Keil.lib(gui_core.o)
    0x08010a78   0x08010a78   0x00000044   Data   RO         6404    .constdata          STemWin532_CM3_Keil.lib(gui_drawline.o)
    0x08010abc   0x08010abc   0x00000018   Data   RO         6452    .constdata          STemWin532_CM3_Keil.lib(guicc_565.o)
    0x08010ad4   0x08010ad4   0x00000034   Data   RO         6646    .constdata          STemWin532_CM3_Keil.lib(guidrv_flexcolor.o)
    0x08010b08   0x08010b08   0x00000040   Data   RO         6647    .constdata          STemWin532_CM3_Keil.lib(guidrv_flexcolor.o)
    0x08010b48   0x08010b48   0x00000518   Data   RO         6761    .constdata          STemWin532_CM3_Keil.lib(f6x8.o)
    0x08011060   0x08011060   0x000001c0   Data   RO         6762    .constdata          STemWin532_CM3_Keil.lib(f6x8.o)
    0x08011220   0x08011220   0x00000008   Data   RO         6763    .constdata          STemWin532_CM3_Keil.lib(f6x8.o)
    0x08011228   0x08011228   0x00000014   Data   RO         6764    .constdata          STemWin532_CM3_Keil.lib(f6x8.o)
    0x0801123c   0x0801123c   0x00000024   Data   RO         6765    .constdata          STemWin532_CM3_Keil.lib(f6x8.o)
    0x08011260   0x08011260   0x00000020   Data   RO         6767    .constdata          STemWin532_CM3_Keil.lib(gui__divtbl_31_255.o)
    0x08011280   0x08011280   0x00000040   Data   RO         6768    .constdata          STemWin532_CM3_Keil.lib(gui__divtbl_63_255.o)
    0x080112c0   0x080112c0   0x00000100   Data   RO         6769    .constdata          STemWin532_CM3_Keil.lib(gui__divtbl_255_31.o)
    0x080113c0   0x080113c0   0x00000100   Data   RO         6770    .constdata          STemWin532_CM3_Keil.lib(gui__divtbl_255_63.o)
    0x080114c0   0x080114c0   0x00000010   Data   RO         6877    .constdata          STemWin532_CM3_Keil.lib(gui_uc_encodenone.o)
    0x080114d0   0x080114d0   0x0000000c   Data   RO         6901    .constdata          STemWin532_CM3_Keil.lib(lcd.o)
    0x080114dc   0x080114dc   0x00000074   Data   RO         6952    .constdata          STemWin532_CM3_Keil.lib(guidev_16.o)
    0x08011550   0x08011550   0x00000018   Data   RO         7216    .constdata          STemWin532_CM3_Keil.lib(guicc_0.o)
    0x08011568   0x08011568   0x00000100   Data   RO         7224    .constdata          STemWin532_CM3_Keil.lib(lcd_mirror.o)
    0x08011668   0x08011668   0x00000008   Data   RO         7288    .constdata          STemWin532_CM3_Keil.lib(guidev_writetoactiveopaque.o)
    0x08011670   0x08011670   0x00000018   Data   RO         7533    .constdata          STemWin532_CM3_Keil.lib(guicc_8888.o)
    0x08011688   0x08011688   0x00000074   Data   RO         7557    .constdata          STemWin532_CM3_Keil.lib(guidev_32.o)
    0x080116fc   0x080116fc   0x00000018   Data   RO         7601    .constdata          STemWin532_CM3_Keil.lib(guidev_usagebm.o)
    0x08011714   0x08011714   0x00000020   Data   RO         8179    Region$$Table       anon$$obj.o


    Execution Region RW_IRAM1 (Exec base: 0x20000000, Load base: 0x08011734, Size: 0x0000b9d8, Max: 0x0000c000, ABSOLUTE, COMPRESSED[0x00000154])

    Exec Addr    Load Addr    Size         Type   Attr      Idx    E Section Name        Object

    0x20000000   COMPRESSED   0x00000014   Data   RW         1738    .data               stm32f10x_rcc.o
    0x20000014   COMPRESSED   0x00000004   Data   RW         3170    .data               main.o
    0x20000018   COMPRESSED   0x00000004   Data   RW         3171    .data               main.o
    0x2000001c   COMPRESSED   0x00000019   Data   RW         3452    .data               taskflash.o
    0x20000035   COMPRESSED   0x00000003   PAD
    0x20000038   COMPRESSED   0x00000030   Data   RW         3487    .data               snakegameapp.o
    0x20000068   COMPRESSED   0x00000010   Data   RW         3626    .data               bsp_ili9341_lcd.o
    0x20000078   COMPRESSED   0x00000008   Data   RW         3828    .data               fonts.o
    0x20000080   COMPRESSED   0x000000d4   Data   RW         3858    .data               bsp_xpt2046_lcd.o
    0x20000154   COMPRESSED   0x00000004   Data   RW         3996    .data               bsp_spi_flash.o
    0x20000158   COMPRESSED   0x0000001c   Data   RW         4332    .data               cpu_core.o
    0x20000174   COMPRESSED   0x00000004   Data   RW         5455    .data               os_prio.o
    0x20000178   COMPRESSED   0x00000004   Data   RW         6017    .data               os_var.o
    0x2000017c   COMPRESSED   0x00000004   Data   RW         6018    .data               os_var.o
    0x20000180   COMPRESSED   0x00000004   Data   RW         6019    .data               os_var.o
    0x20000184   COMPRESSED   0x00000004   Data   RW         6020    .data               os_var.o
    0x20000188   COMPRESSED   0x00000004   Data   RW         6021    .data               os_var.o
    0x2000018c   COMPRESSED   0x00000004   Data   RW         6022    .data               os_var.o
    0x20000190   COMPRESSED   0x00000004   Data   RW         6023    .data               os_var.o
    0x20000194   COMPRESSED   0x00000004   Data   RW         6024    .data               os_var.o
    0x20000198   COMPRESSED   0x00000001   Data   RW         6025    .data               os_var.o
    0x20000199   COMPRESSED   0x00000003   PAD
    0x2000019c   COMPRESSED   0x00000004   Data   RW         6026    .data               os_var.o
    0x200001a0   COMPRESSED   0x00000001   Data   RW         6027    .data               os_var.o
    0x200001a1   COMPRESSED   0x00000003   PAD
    0x200001a4   COMPRESSED   0x00000004   Data   RW         6028    .data               os_var.o
    0x200001a8   COMPRESSED   0x00000004   Data   RW         6029    .data               os_var.o
    0x200001ac   COMPRESSED   0x00000002   Data   RW         6030    .data               os_var.o
    0x200001ae   COMPRESSED   0x00000002   Data   RW         6031    .data               os_var.o
    0x200001b0   COMPRESSED   0x00000002   Data   RW         6032    .data               os_var.o
    0x200001b2   COMPRESSED   0x00000002   PAD
    0x200001b4   COMPRESSED   0x00000004   Data   RW         6033    .data               os_var.o
    0x200001b8   COMPRESSED   0x00000004   Data   RW         6034    .data               os_var.o
    0x200001bc   COMPRESSED   0x00000002   Data   RW         6035    .data               os_var.o
    0x200001be   COMPRESSED   0x00000002   PAD
    0x200001c0   COMPRESSED   0x00000004   Data   RW         6036    .data               os_var.o
    0x200001c4   COMPRESSED   0x00000002   Data   RW         6037    .data               os_var.o
    0x200001c6   COMPRESSED   0x00000002   PAD
    0x200001c8   COMPRESSED   0x00000004   Data   RW         6038    .data               os_var.o
    0x200001cc   COMPRESSED   0x00000002   Data   RW         6039    .data               os_var.o
    0x200001ce   COMPRESSED   0x00000001   Data   RW         6040    .data               os_var.o
    0x200001cf   COMPRESSED   0x00000001   Data   RW         6041    .data               os_var.o
    0x200001d0   COMPRESSED   0x00000001   Data   RW         6042    .data               os_var.o
    0x200001d1   COMPRESSED   0x00000003   PAD
    0x200001d4   COMPRESSED   0x00000004   Data   RW         6043    .data               os_var.o
    0x200001d8   COMPRESSED   0x00000002   Data   RW         6044    .data               os_var.o
    0x200001da   COMPRESSED   0x00000002   PAD
    0x200001dc   COMPRESSED   0x00000004   Data   RW         6045    .data               os_var.o
    0x200001e0   COMPRESSED   0x00000004   Data   RW         6046    .data               os_var.o
    0x200001e4   COMPRESSED   0x00000004   Data   RW         6047    .data               os_var.o
    0x200001e8   COMPRESSED   0x00000001   Data   RW         6048    .data               os_var.o
    0x200001e9   COMPRESSED   0x00000003   PAD
    0x200001ec   COMPRESSED   0x00000004   Data   RW         6049    .data               os_var.o
    0x200001f0   COMPRESSED   0x00000001   Data   RW         6050    .data               os_var.o
    0x200001f1   COMPRESSED   0x00000003   PAD
    0x200001f4   COMPRESSED   0x00000004   Data   RW         6051    .data               os_var.o
    0x200001f8   COMPRESSED   0x00000002   Data   RW         6052    .data               os_var.o
    0x200001fa   COMPRESSED   0x00000001   Data   RW         6053    .data               os_var.o
    0x200001fb   COMPRESSED   0x00000001   PAD
    0x200001fc   COMPRESSED   0x00000002   Data   RW         6054    .data               os_var.o
    0x200001fe   COMPRESSED   0x00000002   Data   RW         6055    .data               os_var.o
    0x20000200   COMPRESSED   0x00000004   Data   RW         6056    .data               os_var.o
    0x20000204   COMPRESSED   0x00000004   Data   RW         6057    .data               os_var.o
    0x20000208   COMPRESSED   0x00000004   Data   RW         6058    .data               os_var.o
    0x2000020c   COMPRESSED   0x00000001   Data   RW         6059    .data               os_var.o
    0x2000020d   COMPRESSED   0x00000003   PAD
    0x20000210   COMPRESSED   0x00000004   Data   RW         6060    .data               os_var.o
    0x20000214   COMPRESSED   0x00000004   Data   RW         6061    .data               os_var.o
    0x20000218   COMPRESSED   0x00000004   Data   RW         6062    .data               os_var.o
    0x2000021c   COMPRESSED   0x00000002   Data   RW         6063    .data               os_var.o
    0x2000021e   COMPRESSED   0x00000001   Data   RW         6064    .data               os_var.o
    0x2000021f   COMPRESSED   0x00000001   PAD
    0x20000220   COMPRESSED   0x00000004   Data   RW         6065    .data               os_var.o
    0x20000224   COMPRESSED   0x00000004   Data   RW         6066    .data               os_var.o
    0x20000228   COMPRESSED   0x00000004   Data   RW         6067    .data               os_var.o
    0x2000022c   COMPRESSED   0x00000002   Data   RW         6068    .data               os_var.o
    0x2000022e   COMPRESSED   0x00000002   PAD
    0x20000230   COMPRESSED   0x00000004   Data   RW         6069    .data               os_var.o
    0x20000234   COMPRESSED   0x00000004   Data   RW         6070    .data               os_var.o
    0x20000238   COMPRESSED   0x00000004   Data   RW         6071    .data               os_var.o
    0x2000023c   COMPRESSED   0x00000004   Data   RW         6072    .data               os_var.o
    0x20000240   COMPRESSED   0x00000004   Data   RW         6073    .data               os_var.o
    0x20000244   COMPRESSED   0x00000004   Data   RW         6074    .data               os_var.o
    0x20000248   COMPRESSED   0x00000004   Data   RW         6101    .data               os_cpu_c.o
    0x2000024c   COMPRESSED   0x00000008   Data   RW         6275    .data               STemWin532_CM3_Keil.lib(gui_alloc.o)
    0x20000254   COMPRESSED   0x0000002c   Data   RW         6344    .data               STemWin532_CM3_Keil.lib(gui_core.o)
    0x20000280   COMPRESSED   0x00000004   Data   RW         6345    .data               STemWin532_CM3_Keil.lib(gui_core.o)
    0x20000284   COMPRESSED   0x00000004   Data   RW         6347    .data               STemWin532_CM3_Keil.lib(gui_core.o)
    0x20000288   COMPRESSED   0x00000004   Data   RW         6348    .data               STemWin532_CM3_Keil.lib(gui_core.o)
    0x2000028c   COMPRESSED   0x00000004   Data   RW         6349    .data               STemWin532_CM3_Keil.lib(gui_core.o)
    0x20000290   COMPRESSED   0x00000004   Data   RW         6350    .data               STemWin532_CM3_Keil.lib(gui_core.o)
    0x20000294   COMPRESSED   0x00000004   Data   RW         6351    .data               STemWin532_CM3_Keil.lib(gui_core.o)
    0x20000298   COMPRESSED   0x00000002   Data   RW         6352    .data               STemWin532_CM3_Keil.lib(gui_core.o)
    0x2000029a   COMPRESSED   0x00000001   Data   RW         6353    .data               STemWin532_CM3_Keil.lib(gui_core.o)
    0x2000029b   COMPRESSED   0x00000001   PAD
    0x2000029c   COMPRESSED   0x00000004   Data   RW         6354    .data               STemWin532_CM3_Keil.lib(gui_core.o)
    0x200002a0   COMPRESSED   0x00000002   Data   RW         6355    .data               STemWin532_CM3_Keil.lib(gui_core.o)
    0x200002a2   COMPRESSED   0x00000002   Data   RW         6356    .data               STemWin532_CM3_Keil.lib(gui_core.o)
    0x200002a4   COMPRESSED   0x00000004   Data   RW         6432    .data               STemWin532_CM3_Keil.lib(gui_touch.o)
    0x200002a8   COMPRESSED   0x00000038   Data   RW         6441    .data               STemWin532_CM3_Keil.lib(gui_touch_driveranalog.o)
    0x200002e0   COMPRESSED   0x00000008   Data   RW         6500    .data               STemWin532_CM3_Keil.lib(lcd_getex.o)
    0x200002e8   COMPRESSED   0x0000001c   Data   RW         6648    .data               STemWin532_CM3_Keil.lib(guidrv_flexcolor.o)
    0x20000304   COMPRESSED   0x00000008   Data   RW         6740    .data               STemWin532_CM3_Keil.lib(guidrv_flexcolor_func66709.o)
    0x2000030c   COMPRESSED   0x00000004   Data   RW         6807    .data               STemWin532_CM3_Keil.lib(gui_fillpolygon.o)
    0x20000310   COMPRESSED   0x0000000c   Data   RW         6839    .data               STemWin532_CM3_Keil.lib(gui_pid.o)
    0x2000031c   COMPRESSED   0x0000001c   Data   RW         6858    .data               STemWin532_CM3_Keil.lib(gui_touch_calibrate.o)
    0x20000338   COMPRESSED   0x00000004   Data   RW         6902    .data               STemWin532_CM3_Keil.lib(lcd.o)
    0x2000033c   COMPRESSED   0x00000010   Data   RW         6928    .data               STemWin532_CM3_Keil.lib(lcd_color.o)
    0x2000034c   COMPRESSED   0x00000064   Data   RW         7026    .data               STemWin532_CM3_Keil.lib(wm.o)
    0x200003b0   COMPRESSED   0x00000001   Data   RW         7027    .data               STemWin532_CM3_Keil.lib(wm.o)
    0x200003b1   COMPRESSED   0x00000003   PAD
    0x200003b4   COMPRESSED   0x00000018   Data   RW         7095    .data               STemWin532_CM3_Keil.lib(gui__managecache.o)
    0x200003cc   COMPRESSED   0x00000004   Data   RW         7122    .data               STemWin532_CM3_Keil.lib(gui_charline.o)
    0x200003d0   COMPRESSED   0x00000010   Data   RW         7144    .data               STemWin532_CM3_Keil.lib(gui_onkey.o)
    0x200003e0   COMPRESSED   0x00000008   Data   RW         7170    .data               STemWin532_CM3_Keil.lib(gui_selectlayer.o)
    0x200003e8   COMPRESSED   0x0000000c   Data   RW         7204    .data               STemWin532_CM3_Keil.lib(gui_waitevent.o)
    0x200003f4   COMPRESSED   0x00000004   Data   RW         7250    .data               STemWin532_CM3_Keil.lib(guidev_banding.o)
    0x200003f8   COMPRESSED   0x00000001   Data   RW         7265    .data               STemWin532_CM3_Keil.lib(guidev_staticdevices.o)
    0x200003f9   COMPRESSED   0x00000003   PAD
    0x200003fc   COMPRESSED   0x00000004   Data   RW         7295    .data               STemWin532_CM3_Keil.lib(wm__sendmessage.o)
    0x20000400   COMPRESSED   0x0000000c   Data   RW         7337    .data               STemWin532_CM3_Keil.lib(wm_touch.o)
    0x2000040c   COMPRESSED   0x00000028   Data   RW         7355    .data               STemWin532_CM3_Keil.lib(gui__alpha.o)
    0x20000434   COMPRESSED   0x00000014   Data   RW         7510    .data               STemWin532_CM3_Keil.lib(gui_timer.o)
    0x20000448   COMPRESSED   0x00000004   Data   RW         7782    .data               STemWin532_CM3_Keil.lib(lcd_aa.o)
    0x2000044c   COMPRESSED   0x00000004   Data   RW         7842    .data               mc_w.l(rand.o)
    0x20000450   COMPRESSED   0x00000004   Data   RW         8157    .data               mc_w.l(stdout.o)
    0x20000454   COMPRESSED   0x00000004   PAD
    0x20000458        -       0x00001d10   Zero   RW         3169    .bss                main.o
    0x20002168        -       0x0000000c   Zero   RW         3451    .bss                taskflash.o
    0x20002174        -       0x00000320   Zero   RW         3486    .bss                snakegameapp.o
    0x20002494        -       0x00006800   Zero   RW         4102    .bss                guiconf.o
    0x20008c94        -       0x00000078   Zero   RW         4181    .bss                gui_x_os.o
    0x20008d0c        -       0x00000200   Zero   RW         4842    .bss                os_cfg_app.o
    0x20008f0c        -       0x00000140   Zero   RW         4843    .bss                os_cfg_app.o
    0x2000904c        -       0x00000200   Zero   RW         4844    .bss                os_cfg_app.o
    0x2000924c        -       0x00000200   Zero   RW         4845    .bss                os_cfg_app.o
    0x2000944c        -       0x00000640   Zero   RW         4846    .bss                os_cfg_app.o
    0x20009a8c        -       0x00000200   Zero   RW         4847    .bss                os_cfg_app.o
    0x20009c8c        -       0x00000200   Zero   RW         4848    .bss                os_cfg_app.o
    0x20009e8c        -       0x00000088   Zero   RW         4849    .bss                os_cfg_app.o
    0x20009f14        -       0x00000200   Zero   RW         4850    .bss                os_cfg_app.o
    0x2000a114        -       0x00000088   Zero   RW         4851    .bss                os_cfg_app.o
    0x2000a19c        -       0x000000c8   Zero   RW         6010    .bss                os_var.o
    0x2000a264        -       0x000000c8   Zero   RW         6011    .bss                os_var.o
    0x2000a32c        -       0x0000000c   Zero   RW         6012    .bss                os_var.o
    0x2000a338        -       0x00000180   Zero   RW         6013    .bss                os_var.o
    0x2000a4b8        -       0x000000c8   Zero   RW         6014    .bss                os_var.o
    0x2000a580        -       0x000000c8   Zero   RW         6015    .bss                os_var.o
    0x2000a648        -       0x000000c8   Zero   RW         6016    .bss                os_var.o
    0x2000a710        -       0x000000cc   Zero   RW         6274    .bss                STemWin532_CM3_Keil.lib(gui_alloc.o)
    0x2000a7dc        -       0x00000070   Zero   RW         6342    .bss                STemWin532_CM3_Keil.lib(gui_core.o)
    0x2000a84c        -       0x0000000c   Zero   RW         6431    .bss                STemWin532_CM3_Keil.lib(gui_touch.o)
    0x2000a858        -       0x00000018   Zero   RW         6806    .bss                STemWin532_CM3_Keil.lib(gui_fillpolygon.o)
    0x2000a870        -       0x00000048   Zero   RW         6838    .bss                STemWin532_CM3_Keil.lib(gui_pid.o)
    0x2000a8b8        -       0x00000018   Zero   RW         6857    .bss                STemWin532_CM3_Keil.lib(gui_touch_calibrate.o)
    0x2000a8d0        -       0x0000000c   Zero   RW         6868    .bss                STemWin532_CM3_Keil.lib(gui_touch_storestate.o)
    0x2000a8dc        -       0x00000018   Zero   RW         7024    .bss                STemWin532_CM3_Keil.lib(wm.o)
    0x2000a8f4        -       0x00000058   Zero   RW         7143    .bss                STemWin532_CM3_Keil.lib(gui_onkey.o)
    0x2000a94c        -       0x00000048   Zero   RW         7336    .bss                STemWin532_CM3_Keil.lib(wm_touch.o)
    0x2000a994        -       0x00000028   Zero   RW         7390    .bss                STemWin532_CM3_Keil.lib(gui_curs1.o)
    0x2000a9bc        -       0x00000018   Zero   RW         7648    .bss                STemWin532_CM3_Keil.lib(wm_pid__getprevstate.o)
    0x2000a9d4   COMPRESSED   0x00000004   PAD
    0x2000a9d8        -       0x00001000   Zero   RW            1    STACK               startup_stm32f10x_hd.o


==============================================================================

Image component sizes


      Code (inc. data)   RO Data    RW Data    ZI Data      Debug   Object Name

       142         22          0          0          0       3042   bsp.o
      1182         66          0         16          0       7102   bsp_ili9341_lcd.o
       174         10          0          0          0       2649   bsp_key.o
        80          6          0          0          0        554   bsp_led.o
      1092        156          0          4          0       8371   bsp_spi_flash.o
       168         16          0          0          0       2471   bsp_usart.o
       524         28          0        212          0       8080   bsp_xpt2046_lcd.o
         0          0          0          0          0       4500   core_cm3.o
        52          0          0          0          0        372   cpu_a.o
       310         46          0         28          0      15794   cpu_core.o
         0          0       1520          8          0       1437   fonts.o
        56         12          0          0        120       2416   gui_x_os.o
        16          0          0          0          0       2078   gui_x_touch_analog.o
        36          8          0          0      26624        579   guiconf.o
       292         32          0          0          0       7028   lcdconf_flexcolor_template.o
         2          0          0          0          0        451   lib_mem.o
       684        248          0          8       7440      82229   main.o
        20         10          0          0          0        539   misc.o
         2          0        103          0       5264      21062   os_cfg_app.o
      2560        404          0          0          0      21430   os_core.o
       132         32          0          0          0        420   os_cpu_a.o
       440         68          0          4          0       8433   os_cpu_c.o
         2          0          0          0          0        950   os_dbg.o
       528         28          0          0          0       3341   os_flag.o
       904        202          0          0          0       3850   os_int.o
        24         10          0          0          0        917   os_mem.o
       322         24          0          0          0       3425   os_msg.o
        24         10          0          0          0        919   os_mutex.o
       124         18          0          4          0       2994   os_prio.o
       304         18          0          0          0       2458   os_q.o
      1004         64          0          0          0       6111   os_sem.o
      1364        216          0          0          0       4519   os_stat.o
      3616        246          0          0          0      15736   os_task.o
      1002        124          0          0          0       6049   os_tick.o
       776         48          0          0          0       4093   os_time.o
      1404        176          0          0          0       8290   os_tmr.o
         0          0          0        178       1396      19545   os_var.o
       900        102          0         48        800       5126   snakegameapp.o
        36          8        304          0       4096        900   startup_stm32f10x_hd.o
       280          6          0          0          0       4754   stm32f10x_gpio.o
        14          0          0          0          0       3183   stm32f10x_it.o
       228         30          0         20          0       4757   stm32f10x_rcc.o
       102          0          0          0          0       4058   stm32f10x_spi.o
       234          6          0          0          0       4360   stm32f10x_usart.o
       260         26          0          0          0     235441   system_stm32f10x.o
      1016        268          0          0          0       3359   taskapp.o
       368        168          0         25         12       2792   taskflash.o

    ----------------------------------------------------------------------
     22834       2962       1972        588      45752     552964   Object Totals
         0          0         32          0          0          0   (incl. Generated)
        34          0         13         33          0          0   (incl. Padding)

    ----------------------------------------------------------------------

      Code (inc. data)   RO Data    RW Data    ZI Data      Debug   Library Member Name

         0          0       1816          0          0          0   f6x8.o
       856         38          0         40          0        512   gui__alpha.o
       664          0          0          0          0        240   gui__compactpixelindices.o
         0          0        256          0          0          0   gui__divtbl_255_31.o
         0          0        256          0          0          0   gui__divtbl_255_63.o
         0          0         32          0          0          0   gui__divtbl_31_255.o
         0          0         64          0          0          0   gui__divtbl_63_255.o
       322          0          0          0          0        108   gui__expandpixelindices.o
        58          0          0          0          0         68   gui__intersectrect.o
        82          0          0          0          0         80   gui__intersectrects.o
       228          8          0         24          0        156   gui__managecache.o
        76          0          0          0          0         76   gui__memset.o
        60          0          0          0          0         76   gui__memset16.o
      1806        104          0          8        204       1764   gui_alloc.o
        36          0          0          0          0         80   gui_alloc_alloczero.o
        60          0          0          0          0         76   gui_calccolordist.o
        96         22          0          0          0        272   gui_char.o
       458         36          0          4          0        472   gui_charline.o
       394         10          0          0          0        300   gui_charm.o
       236          8          0          0          0        172   gui_circ.o
       492         76          8         79        112        628   gui_core.o
       112          6          0          0         40         92   gui_curs1.o
       344         24          0          0          0        448   gui_device.o
       256          4          0          0          0         88   gui_dispstring.o
        16          4          0          0          0         68   gui_dispstringat.o
      1176         34         68          0          0        824   gui_drawline.o
        32          4          0          0          0         68   gui_drawpoint.o
        68          8          0          0          0        152   gui_exec.o
       532         22          0          4         24        176   gui_fillpolygon.o
       160          0          0          0          0        152   gui_getbitmappixelindex.o
        32         10          0          0          0        136   gui_getorg.o
        52         12          0          0          0        216   gui_goto.o
        88          0          0          0          0         76   gui_mergerect.o
        30          0          0          0          0         68   gui_moverect.o
        94         14          0         16         88        284   gui_onkey.o
        16          4          0          0          0         68   gui_pen.o
       264         38          0         12         72        456   gui_pid.o
        56          0          0          0          0         68   gui_rectsintersect.o
        32         10          0          0          0        136   gui_savecontext.o
        94         14          0          8          0        296   gui_selectlayer.o
        18          0          0          0          0         80   gui_selectlcd.o
        36          4          0          0          0         76   gui_setalpha.o
         8          0          0          0          0        136   gui_setcolor.o
        64          6          0          0          0         80   gui_setdefault.o
         4          0          0          0          0         68   gui_setdrawmode.o
        20          6          0          0          0         68   gui_setfont.o
        16          4          0          0          0         68   gui_setlinestyle.o
        56         18          0          0          0         80   gui_setorg.o
        20          6          0          0          0         68   gui_settextalign.o
        20          6          0          0          0         68   gui_settextmode.o
      1812         20          0          0          0        808   gui_sprite.o
        42          0          0          0          0         80   gui_time.o
       332         16          0         20          0        484   gui_timer.o
       100         16          0          4         12        156   gui_touch.o
      1624         42          0         28         24        476   gui_touch_calibrate.o
       392         32          0         56          0        380   gui_touch_driveranalog.o
        12          6          0          0         12         68   gui_touch_storestate.o
        84         10          0          0          0        168   gui_uc.o
        18          0         16          0          0        272   gui_uc_encodenone.o
        16          4          0         12          0         68   gui_waitevent.o
       198          0         24          0          0        244   guicc_0.o
       218         38         24          0          0        388   guicc_565.o
        36          0         24          0          0        288   guicc_8888.o
         2          0          0          0          0         68   guicc_8888_index2color.o
         2          0          0          0          0         68   guicc_888_index2color.o
       756         38          0          0          0        680   guidev.o
      2282         60        116          0          0       1336   guidev_16.o
      2368         62        116          0          0       1440   guidev_32.o
       340         12          0          4          0        168   guidev_banding.o
        60          6          0          0          0         76   guidev_clear.o
        26          0          0          0          0         80   guidev_getdataptr.o
        40          6          0          0          0         80   guidev_getysize.o
        44          4          0          0          0         80   guidev_reduceysize.o
        88          4          0          0          0         80   guidev_setorg.o
       358         20          0          1          0        188   guidev_staticdevices.o
        76          0          0          0          0        164   guidev_usage.o
       416          6         24          0          0        460   guidev_usagebm.o
       106          4          0          0          0        148   guidev_write.o
       400         14          0          0          0         96   guidev_writetoactivealpha.o
      1854         18          8          0          0        492   guidev_writetoactiveopaque.o
      1506         76        116         28          0       3316   guidrv_flexcolor.o
      1712         62          0          0          0        876   guidrv_flexcolor_16bpp_c0b16.o
       886         56          0          8          0       1160   guidrv_flexcolor_func66709.o
      1730        118         12          4          0       1436   lcd.o
        16          6          0          4          0         68   lcd_aa.o
       272         30          0         16          0        392   lcd_color.o
       450         48          0          8          0       1884   lcd_getex.o
        26          0          0          0          0         80   lcd_getnumdisplays.o
         0          0        256          0          0          0   lcd_mirror.o
       504         18          0          0          0        184   lcd_readrect.o
        64          8          0          0          0         80   lcd_selectlcd.o
       220          0          0          0          0        420   lcd_set.o
        48         10          0          0          0         80   lcd_setcliprectex.o
        36          4          0          0          0         80   lcd_updatecolorindices.o
      4580        224          0        101         24       4040   wm.o
        18          0          0          0          0         76   wm__getfirstsibling.o
        36          0          0          0          0         80   wm__getprevsibling.o
        34          0          0          0          0         80   wm__isancestor.o
        22          0          0          0          0         76   wm__isenabled.o
        60          6          0          4          0         88   wm__sendmessage.o
        28          0          0          0          0         92   wm__sendmessageifenabled.o
        38          0          0          0          0         80   wm__sendmessagenopara.o
       220          0          0          0          0         96   wm__updatechildpositions.o
       126          0          0          0          0         92   wm_bringtobottom.o
        60         12          0          0          0        136   wm_criticalhandle.o
        32          0          0          0          0         80   wm_getclientrect.o
        24         10          0          0          0         68   wm_getdesktopwindow.o
        20          4          0          0          0         68   wm_getdesktopwindowex.o
        14          0          0          0          0         76   wm_getfirstchild.o
        22          0          0          0          0         76   wm_getorg.o
        14          0          0          0          0         76   wm_getparent.o
         4          0          0          0          0         68   wm_iswindow.o
       268          0          0          0          0        252   wm_move.o
        16          0          0          0          0         76   wm_notifyparent.o
        56          8          0          0          0         84   wm_onkey.o
        24          6          0          0         24         68   wm_pid__getprevstate.o
       236          0          0          0          0         88   wm_resizewindow.o
       184          6          0          0          0        312   wm_screen2win.o
         4          0          0          0          0         68   wm_sendmessagenopara.o
        30          0          0          0          0         92   wm_sendtoparent.o
        48          8          0          0          0        148   wm_setcapture.o
        62          0          0          0          0         84   wm_setsize.o
       106          0          0          0          0        164   wm_timer.o
      1100         46          0         12         72        344   wm_touch.o
        86          0          0          0          0          0   __dczerorl2.o
         0          0          0          0          0          0   entry.o
         0          0          0          0          0          0   entry10a.o
         0          0          0          0          0          0   entry11a.o
         8          4          0          0          0          0   entry2.o
         4          0          0          0          0          0   entry5.o
         0          0          0          0          0          0   entry7b.o
         0          0          0          0          0          0   entry8b.o
         8          4          0          0          0          0   entry9a.o
        30          0          0          0          0          0   handlers.o
        36          8          0          0          0         68   init.o
         0          0          0          0          0          0   iusefp.o
        30          0          0          0          0         68   llshl.o
        36          0          0          0          0         68   llsshr.o
        32          0          0          0          0         68   llushr.o
        26          0          0          0          0         80   memcmp.o
        64          0          0          0          0         76   memmovea.o
        36          0          0          0          0        108   memseta.o
      2308         96          0          0          0        604   printfa.o
        36         10          0          4          0        136   rand.o
         0          0          0          4          0          0   stdout.o
        44          0          0          0          0         80   uidiv.o
        98          0          0          0          0         92   uldiv.o
        48          0          0          0          0         68   cdrcmple.o
       334          0          0          0          0        148   dadd.o
       222          0          0          0          0        100   ddiv.o
       186          0          0          0          0        176   depilogue.o
        62          0          0          0          0         80   dfixi.o
        48          0          0          0          0         68   dfixul.o
       228          0          0          0          0         96   dmul.o
        38          0          0          0          0         68   f2d.o
       176          0          0          0          0        140   fadd.o
       124          0          0          0          0         88   fdiv.o
       110          0          0          0          0        168   fepilogue.o
        50          0          0          0          0         68   ffixi.o
        18          0          0          0          0         68   fflti.o
        10          0          0          0          0         68   ffltui.o
       100          0          0          0          0         76   fmul.o

    ----------------------------------------------------------------------
     43434       1886       3236        520        716      39540   Library Totals
       100          0          0          7          8          0   (incl. Padding)

    ----------------------------------------------------------------------

      Code (inc. data)   RO Data    RW Data    ZI Data      Debug   Library Name

     38698       1764       3236        505        708      36612   STemWin532_CM3_Keil.lib
      2882        122          0          8          0       1448   mc_w.l
      1754          0          0          0          0       1480   mf_w.l

    ----------------------------------------------------------------------
     43434       1886       3236        520        716      39540   Library Totals

    ----------------------------------------------------------------------

==============================================================================


      Code (inc. data)   RO Data    RW Data    ZI Data      Debug   

     66268       4848       5208       1108      46468     556076   Grand Totals
     66268       4848       5208        340      46468     556076   ELF Image Totals (compressed)
     66268       4848       5208        340          0          0   ROM Totals

==============================================================================

    Total RO  Size (Code + RO Data)                71476 (  69.80kB)
    Total RW  Size (RW Data + ZI Data)             47576 (  46.46kB)
    Total ROM Size (Code + RO Data + RW Data)      71816 (  70.13kB)

==============================================================================

